Archive member included to satisfy reference by file (symbol)

/workspaces/Portefolio/glibc-2.34/build/libc_pic.a(check_fds.os)
                              /workspaces/Portefolio/glibc-2.34/build/elf/dl-allobjs.os (__libc_check_standard_fds)
/workspaces/Portefolio/glibc-2.34/build/libc_pic.a(errno.os)
                              /workspaces/Portefolio/glibc-2.34/build/libc_pic.a(check_fds.os) (__libc_errno)
/workspaces/Portefolio/glibc-2.34/build/libc_pic.a(setjmp.os)
                              /workspaces/Portefolio/glibc-2.34/build/elf/dl-allobjs.os (__sigsetjmp)
/workspaces/Portefolio/glibc-2.34/build/libc_pic.a(__longjmp.os)
                              /workspaces/Portefolio/glibc-2.34/build/elf/dl-allobjs.os (__longjmp)
/workspaces/Portefolio/glibc-2.34/build/libc_pic.a(lowlevellock.os)
                              /workspaces/Portefolio/glibc-2.34/build/elf/dl-allobjs.os (__lll_lock_wait_private)
/workspaces/Portefolio/glibc-2.34/build/libc_pic.a(scratch_buffer_set_array_size.os)
                              /workspaces/Portefolio/glibc-2.34/build/elf/dl-allobjs.os (__libc_scratch_buffer_set_array_size)
/workspaces/Portefolio/glibc-2.34/build/libc_pic.a(strchr.os)
                              /workspaces/Portefolio/glibc-2.34/build/elf/dl-allobjs.os (strchr)
/workspaces/Portefolio/glibc-2.34/build/libc_pic.a(strcmp.os)
                              /workspaces/Portefolio/glibc-2.34/build/elf/dl-allobjs.os (strcmp)
/workspaces/Portefolio/glibc-2.34/build/libc_pic.a(strcspn.os)
                              /workspaces/Portefolio/glibc-2.34/build/elf/dl-allobjs.os (strcspn)
/workspaces/Portefolio/glibc-2.34/build/libc_pic.a(strdup.os)
                              /workspaces/Portefolio/glibc-2.34/build/elf/dl-allobjs.os (__strdup)
/workspaces/Portefolio/glibc-2.34/build/libc_pic.a(strlen.os)
                              /workspaces/Portefolio/glibc-2.34/build/elf/dl-allobjs.os (strlen)
/workspaces/Portefolio/glibc-2.34/build/libc_pic.a(strnlen.os)
                              /workspaces/Portefolio/glibc-2.34/build/elf/dl-allobjs.os (strnlen)
/workspaces/Portefolio/glibc-2.34/build/libc_pic.a(strncmp.os)
                              /workspaces/Portefolio/glibc-2.34/build/elf/dl-allobjs.os (strncmp)
/workspaces/Portefolio/glibc-2.34/build/libc_pic.a(memchr.os)
                              /workspaces/Portefolio/glibc-2.34/build/elf/dl-allobjs.os (memchr)
/workspaces/Portefolio/glibc-2.34/build/libc_pic.a(memcmp.os)
                              /workspaces/Portefolio/glibc-2.34/build/elf/dl-allobjs.os (memcmp)
/workspaces/Portefolio/glibc-2.34/build/libc_pic.a(memmove.os)
                              /workspaces/Portefolio/glibc-2.34/build/elf/dl-allobjs.os (memmove)
/workspaces/Portefolio/glibc-2.34/build/libc_pic.a(memset.os)
                              /workspaces/Portefolio/glibc-2.34/build/elf/dl-allobjs.os (memset)
/workspaces/Portefolio/glibc-2.34/build/libc_pic.a(mempcpy.os)
                              /workspaces/Portefolio/glibc-2.34/build/elf/dl-allobjs.os (__mempcpy)
/workspaces/Portefolio/glibc-2.34/build/libc_pic.a(stpcpy.os)
                              /workspaces/Portefolio/glibc-2.34/build/elf/dl-allobjs.os (__stpcpy)
/workspaces/Portefolio/glibc-2.34/build/libc_pic.a(memcpy.os)
                              /workspaces/Portefolio/glibc-2.34/build/libc_pic.a(check_fds.os) (__GI_memcpy)
/workspaces/Portefolio/glibc-2.34/build/libc_pic.a(rawmemchr.os)
                              /workspaces/Portefolio/glibc-2.34/build/elf/dl-allobjs.os (rawmemchr)
/workspaces/Portefolio/glibc-2.34/build/libc_pic.a(strcmp-sse2.os)
                              /workspaces/Portefolio/glibc-2.34/build/libc_pic.a(strcmp.os) (__strcmp_sse2)
/workspaces/Portefolio/glibc-2.34/build/libc_pic.a(strcmp-sse2-unaligned.os)
                              /workspaces/Portefolio/glibc-2.34/build/libc_pic.a(strcmp.os) (__strcmp_sse2_unaligned)
/workspaces/Portefolio/glibc-2.34/build/libc_pic.a(strcmp-ssse3.os)
                              /workspaces/Portefolio/glibc-2.34/build/libc_pic.a(strcmp.os) (__strcmp_ssse3)
/workspaces/Portefolio/glibc-2.34/build/libc_pic.a(strcmp-avx2.os)
                              /workspaces/Portefolio/glibc-2.34/build/libc_pic.a(strcmp.os) (__strcmp_avx2)
/workspaces/Portefolio/glibc-2.34/build/libc_pic.a(strncmp-sse2.os)
                              /workspaces/Portefolio/glibc-2.34/build/libc_pic.a(strncmp.os) (__strncmp_sse2)
/workspaces/Portefolio/glibc-2.34/build/libc_pic.a(strncmp-ssse3.os)
                              /workspaces/Portefolio/glibc-2.34/build/libc_pic.a(strncmp.os) (__strncmp_ssse3)
/workspaces/Portefolio/glibc-2.34/build/libc_pic.a(strncmp-sse4_2.os)
                              /workspaces/Portefolio/glibc-2.34/build/libc_pic.a(strncmp.os) (__strncmp_sse42)
/workspaces/Portefolio/glibc-2.34/build/libc_pic.a(strncmp-avx2.os)
                              /workspaces/Portefolio/glibc-2.34/build/libc_pic.a(strncmp.os) (__strncmp_avx2)
[...]
Memory Configuration

Name             Origin             Length             Attributes
*default*        0x0000000000000000 0xffffffffffffffff

Linker script and memory map

LOAD /workspaces/Portefolio/glibc-2.34/build/elf/librtld.mapT.o
START GROUP
LOAD /workspaces/Portefolio/glibc-2.34/build/elf/dl-allobjs.os
LOAD /workspaces/Portefolio/glibc-2.34/build/libc_pic.a
LOAD /usr/lib/gcc/x86_64-linux-gnu/9/libgcc.a
END GROUP

.interp
 *(.interp)

.note.gnu.build-id
 *(.note.gnu.build-id)

.hash
 *(.hash)

.gnu.hash
 *(.gnu.hash)

.dynsym
 *(.dynsym)

.dynstr
 *(.dynstr)

.gnu.version
 *(.gnu.version)

.gnu.version_d
 *(.gnu.version_d)

.gnu.version_r
 *(.gnu.version_r)

.rela.init
 *(.rela.init)

.rela.text
 *(.rela.text)

.rela.fini
 *(.rela.fini)

.rela.rodata
 *(.rela.rodata)

.rela.data.rel.ro
 *(.rela.data.rel.ro)

.rela.data
 *(.rela.data)

.rela.tdata
 *(.rela.tdata)

.rela.tbss
 *(.rela.tbss)

.rela.ctors
 *(.rela.ctors)

.rela.dtors
 *(.rela.dtors)

.rela.got
 *(.rela.got)

.rela.bss
 *(.rela.bss)

.rela.ldata
 *(.rela.ldata)

.rela.lbss
 *(.rela.lbss)

.rela.lrodata
 *(.rela.lrodata)

.rela.ifunc
 *(.rela.ifunc)

.rela.plt
 *(.rela.plt)

.init
 *(SORT_NONE(.init))

.plt
 *(.plt)

.plt.got
 *(.plt.got)

.plt.sec
 *(.plt.sec)

.text           0x0000000000000000    0x267dc
 *(.text .stub)
 .text          0x0000000000000000        0x0 /workspaces/Portefolio/glibc-2.34/build/elf/librtld.mapT.o
                0x0000000000000000                __stack_chk_fail_local
                0x0000000000000000                malloc
                0x0000000000000000                __stack_chk_fail
                0x0000000000000000                calloc
                0x0000000000000000                __GI___pthread_enable_asynccancel
                0x0000000000000000                realloc
                0x0000000000000000                __GI___pthread_disable_asynccancel
                0x0000000000000000                __pthread_enable_asynccancel
                0x0000000000000000                __pthread_disable_asynccancel
                0x0000000000000000                free
 .text          0x0000000000000000    0x1fc34 /workspaces/Portefolio/glibc-2.34/build/elf/dl-allobjs.os
                0x0000000000000000                _start
                0x0000000000000008                _dl_start_user
                0x00000000000013e0                handle_preload_list
                0x0000000000006570                _dl_dst_count
                0x0000000000006620                _dl_dst_substitute
                0x0000000000006d60                _dl_init_paths
                0x00000000000070d0                _dl_process_pt_gnu_property
                0x0000000000008800                _dl_map_object
                0x00000000000092c0                _dl_rtld_di_serinfo
                0x000000000000a230                _dl_lookup_symbol_x
                0x000000000000b1b0                _dl_setup_hash
                0x000000000000b270                _dl_add_to_namespace_list
                0x000000000000b310                _dl_new_object
                0x000000000000b720                _dl_try_allocate_static_tls
                0x000000000000b850                _dl_allocate_static_tls
                0x000000000000b890                _dl_protect_relro
                0x000000000000b900                _dl_reloc_bad_type
                0x000000000000b9d0                _dl_relocate_object
                0x000000000000d710                _dl_map_object_deps
                0x000000000000e910                _dl_fixup
                0x000000000000eac0                _dl_profile_fixup
                0x000000000000f190                _dl_call_pltexit
                0x000000000000f440                _dl_init
                0x000000000000f570                _dl_fini
                0x000000000000f9b0                _dl_debug_state
                0x000000000000f9b0                __GI__dl_debug_state
                0x000000000000f9c0                _dl_debug_initialize
                0x00000000000101a0                _dl_sysdep_read_whole_file
                0x0000000000010230                _dl_debug_printf
                0x00000000000102e0                _dl_debug_printf_c
                0x0000000000010390                _dl_dprintf
                0x0000000000010430                _dl_printf
                0x00000000000104e0                _dl_error_printf
                0x0000000000010590                _dl_fatal_printf
                0x0000000000010590                __GI__dl_fatal_printf
                0x0000000000010640                _dl_name_match_p
                0x00000000000106b0                _dl_higher_prime_number
                0x0000000000010700                _dl_strtoul
                0x0000000000010860                _dl_check_map_versions
                0x0000000000010fc0                _dl_check_all_versions
                0x0000000000011040                _dl_start_profile
                0x0000000000011840                __GI__dl_mcount
                0x0000000000011840                _dl_mcount
                0x0000000000011d90                _dl_tls_static_surplus_init
                0x0000000000011e20                _dl_assign_tls_modid
                0x0000000000011f30                _dl_count_modids
                0x0000000000011fa0                _dl_determine_tlsoffset
                0x0000000000012150                _dl_get_tls_static_info
                0x0000000000012170                _dl_allocate_tls_storage
                0x0000000000012240                __GI__dl_allocate_tls_init
                0x0000000000012240                _dl_allocate_tls_init
                0x0000000000012490                __GI__dl_allocate_tls
                0x0000000000012490                _dl_allocate_tls
                0x00000000000124d0                _dl_deallocate_tls
                0x00000000000124d0                __GI__dl_deallocate_tls
                0x0000000000012560                _dl_update_slotinfo
                0x00000000000127c0                __GI___tls_get_addr
                0x00000000000127c0                ___tls_get_addr
                0x0000000000012810                _dl_tls_get_addr_soft
                0x0000000000012890                _dl_add_to_slotinfo
                0x00000000000129b0                _dl_init_static_tls
                0x0000000000012ae0                __tls_get_addr_slow
                0x0000000000012b10                _dl_get_origin
                0x0000000000012c80                _dl_scope_free
                0x0000000000012d80                __GI___nptl_change_stack_perm
                0x0000000000012d80                __nptl_change_stack_perm
                0x0000000000012dc0                _dl_make_stacks_executable
                0x0000000000013200                __GI__dl_find_dso_for_object
                0x0000000000013200                _dl_find_dso_for_object
                0x00000000000132d0                _dl_open
                0x0000000000013600                _dl_show_scope
                0x0000000000014410                _dl_close_worker
                0x00000000000155b0                _dl_close
                0x0000000000015620                _dl_runtime_profile_avx512
                0x0000000000015aa0                _dl_runtime_profile_avx
                0x0000000000015f20                _dl_runtime_profile_sse
                0x0000000000016120                _dl_runtime_resolve_fxsave
                0x00000000000161a0                _dl_runtime_resolve_xsave
                0x0000000000016270                _dl_runtime_resolve_xsavec
                0x0000000000016350                _dl_error_free
                0x0000000000016380                _dl_exception_create
                0x0000000000016380                __GI__dl_exception_create
                0x0000000000016480                __GI__dl_exception_create_format
                0x0000000000016480                _dl_exception_create_format
                0x00000000000168e0                _dl_exception_free
                0x00000000000168e0                __GI__dl_exception_free
                0x0000000000016910                _dl_sort_maps
                0x0000000000016ce0                _dl_lookup_direct
                0x0000000000016eb0                _dl_call_libc_early_init
                0x0000000000016f40                _dl_write
                0x0000000000016f50                __thread_gscope_wait
                0x0000000000017140                __tls_pre_init_tp
                0x00000000000171a0                __tls_init_tp
                0x0000000000017270                _dl_cache_libcmp
                0x0000000000017a20                _dl_load_cache_lookup
                0x0000000000017db0                _dl_unload_cache
                0x0000000000017f20                __GI___tunable_set_val
                0x0000000000017f50                __GI___tunables_init
                0x00000000000184c0                __GI___tunables_print
                0x00000000000185b0                __tunable_get_val
                0x00000000000185b0                __GI___tunable_get_val
                0x0000000000018620                _dl_make_tlsdesc_dynamic
                0x00000000000188d0                _dl_unmap
                0x0000000000018950                _dl_tlsdesc_return
                0x0000000000018960                _dl_tlsdesc_undefweak
                0x0000000000018980                _dl_tlsdesc_dynamic
                0x0000000000018a20                __tls_get_addr
                0x000000000001aa70                __x86_cpu_features
                0x000000000001aaa0                _dl_x86_init_cpu_features
                0x000000000001aac0                _dl_x86_get_cpu_features
                0x000000000001af20                _dl_cet_open_check
                0x000000000001af30                _dl_cet_check
                0x000000000001af40                _dl_tunable_set_hwcaps
                0x000000000001ba50                _dl_tunable_set_x86_ibt
                0x000000000001bad0                _dl_tunable_set_x86_shstk
                0x000000000001bb50                _dl_sysdep_start
                0x000000000001bfe0                _dl_sysdep_start_cleanup
                0x000000000001bff0                _dl_show_auxv
                0x000000000001c190                _dl_discover_osversion
                0x000000000001c370                _dl_next_ld_env_entry
                0x000000000001c3c0                unsetenv
                0x000000000001c5f0                __rtld_malloc_init_stubs
                0x000000000001c630                __sigjmp_save
                0x000000000001c640                __strerror_r
                0x000000000001c730                __GI___libc_fatal
                0x000000000001c730                __libc_fatal
                0x000000000001c750                __GI___chk_fail
                0x000000000001c750                __chk_fail
                0x000000000001c770                __GI___assert_fail
                0x000000000001c770                __assert_fail
                0x000000000001c840                __rtld_malloc_is_complete
                0x000000000001caa0                __rtld_malloc_init_real
                0x000000000001cba0                __GI___assert_perror_fail
                0x000000000001cba0                __assert_perror_fail
                0x000000000001cc00                _itoa
                0x000000000001cc60                __strsep
                0x000000000001cc60                strsep
                0x000000000001cc60                __strsep_g
                0x000000000001cd90                _dl_signal_exception
                0x000000000001cde0                _dl_signal_error
                0x000000000001ce40                _dl_signal_cexception
                0x000000000001ced0                _dl_signal_cerror
                0x000000000001cf60                _dl_catch_exception
                0x000000000001d050                _dl_catch_error
                0x000000000001d0a0                _dl_receive_error
                0x000000000001d0f0                _rtld_catch_error
                0x000000000001d100                _dl_resolve_conflicts
                0x000000000001d360                _dl_important_hwcaps
                0x000000000001dce0                _dl_hwcaps_split
                0x000000000001dd10                _dl_hwcaps_contains
                0x000000000001ddb0                _dl_hwcaps_split_masked
                0x000000000001de10                _dl_hwcaps_subdirs_active
                0x000000000001dfd0                _dl_usage
                0x000000000001e020                _dl_version
                0x000000000001e040                _dl_help
                0x000000000001e590                _dl_diagnostics_print_string
                0x000000000001e620                _dl_diagnostics_print_labeled_string
                0x000000000001e670                _dl_diagnostics_print_labeled_value
                0x000000000001e690                _dl_print_diagnostics
                0x000000000001eb30                _dl_diagnostics_kernel
                0x000000000001ebd0                _dl_diagnostics_cpu
                0x000000000001f250                __rtld_mutex_init
                0x000000000001f340                __brk
                0x000000000001f340                brk
                0x000000000001f370                sbrk
                0x000000000001f370                __sbrk
                0x000000000001f410                __getcwd
                0x000000000001f410                getcwd
                0x000000000001fa40                openat64
                0x000000000001faa0                __alloc_dir
                0x000000000001fb90                __opendir
                0x000000000001fb90                opendir
 *fill*         0x000000000001fc34        0xc 
 .text          0x000000000001fc40       0xd6 /workspaces/Portefolio/glibc-2.34/build/libc_pic.a(check_fds.os)
                0x000000000001fce0                __libc_check_standard_fds
 .text          0x000000000001fd16        0x0 /workspaces/Portefolio/glibc-2.34/build/libc_pic.a(errno.os)
 *fill*         0x000000000001fd16        0xa 
 .text          0x000000000001fd20       0x72 /workspaces/Portefolio/glibc-2.34/build/libc_pic.a(setjmp.os)
                0x000000000001fd20                __sigsetjmp
                0x000000000001fd20                __GI___sigsetjmp
 *fill*         0x000000000001fd92        0xe 
 .text          0x000000000001fda0       0x8e /workspaces/Portefolio/glibc-2.34/build/libc_pic.a(__longjmp.os)
                0x000000000001fda0                __longjmp
 *fill*         0x000000000001fe2e        0x2 
 .text          0x000000000001fe30      0x118 /workspaces/Portefolio/glibc-2.34/build/libc_pic.a(lowlevellock.os)
                0x000000000001fe30                __GI___lll_lock_wait_private
                0x000000000001fe30                __lll_lock_wait_private
                0x000000000001fea0                __lll_lock_wait
                0x000000000001fea0                __GI___lll_lock_wait
                0x000000000001ff10                __lll_lock_wake_private
                0x000000000001ff10                __GI___lll_lock_wake_private
                0x000000000001ff30                __lll_lock_wake
                0x000000000001ff30                __GI___lll_lock_wake
 *fill*         0x000000000001ff48        0x8 
 .text          0x000000000001ff50       0xae /workspaces/Portefolio/glibc-2.34/build/libc_pic.a(scratch_buffer_set_array_size.os)
                0x000000000001ff50                __libc_scratch_buffer_set_array_size
                0x000000000001ff50                __GI___libc_scratch_buffer_set_array_size
 *fill*         0x000000000001fffe        0x2 
 .text          0x0000000000020000       0x78 /workspaces/Portefolio/glibc-2.34/build/libc_pic.a(strchr.os)
                0x0000000000020000                __GI_strchr
                0x0000000000020000                index
                0x0000000000020000                strchr
 *fill*         0x0000000000020078        0x8 
 .text          0x0000000000020080       0x8f /workspaces/Portefolio/glibc-2.34/build/libc_pic.a(strcmp.os)
                0x0000000000020080                __GI_strcmp
                0x0000000000020080                strcmp
 *fill*         0x000000000002010f        0x1 
 .text          0x0000000000020110       0x25 /workspaces/Portefolio/glibc-2.34/build/libc_pic.a(strcspn.os)
                0x0000000000020110                strcspn
                0x0000000000020110                __GI_strcspn
 *fill*         0x0000000000020135        0xb 
 .text          0x0000000000020140       0x40 /workspaces/Portefolio/glibc-2.34/build/libc_pic.a(strdup.os)
                0x0000000000020140                __GI___strdup
                0x0000000000020140                __strdup
                0x0000000000020140                strdup
 .text          0x0000000000020180       0x78 /workspaces/Portefolio/glibc-2.34/build/libc_pic.a(strlen.os)
                0x0000000000020180                strlen
                0x0000000000020180                __GI_strlen
 *fill*         0x00000000000201f8        0x8 
 .text          0x0000000000020200       0x78 /workspaces/Portefolio/glibc-2.34/build/libc_pic.a(strnlen.os)
                0x0000000000020200                __strnlen
                0x0000000000020200                strnlen
                0x0000000000020200                __GI___strnlen
                0x0000000000020200                __GI_strnlen
 *fill*         0x0000000000020278        0x8 
 .text          0x0000000000020280       0x9f /workspaces/Portefolio/glibc-2.34/build/libc_pic.a(strncmp.os)
                0x0000000000020280                __GI_strncmp
                0x0000000000020280                strncmp
 *fill*         0x000000000002031f        0x1 
 .text          0x0000000000020320       0x8d /workspaces/Portefolio/glibc-2.34/build/libc_pic.a(memchr.os)
                0x0000000000020320                __GI_memchr
                0x0000000000020320                memchr
                0x0000000000020320                __memchr
 *fill*         0x00000000000203ad        0x3 
 .text          0x00000000000203b0       0x99 /workspaces/Portefolio/glibc-2.34/build/libc_pic.a(memcmp.os)
                0x00000000000203b0                bcmp
                0x00000000000203b0                __GI_memcmp
                0x00000000000203b0                memcmp
 *fill*         0x0000000000020449        0x7 
 .text          0x0000000000020450      0x121 /workspaces/Portefolio/glibc-2.34/build/libc_pic.a(memmove.os)
                0x0000000000020450                memmove
                0x0000000000020450                __GI_memmove
                0x0000000000020450                __libc_memmove
 *fill*         0x0000000000020571        0xf 
 .text          0x0000000000020580       0xf1 /workspaces/Portefolio/glibc-2.34/build/libc_pic.a(memset.os)
                0x0000000000020580                __GI_memset
                0x0000000000020580                memset
 *fill*         0x0000000000020671        0xf 
 .text          0x0000000000020680      0x121 /workspaces/Portefolio/glibc-2.34/build/libc_pic.a(mempcpy.os)
                0x0000000000020680                mempcpy
                0x0000000000020680                __GI_mempcpy
                0x0000000000020680                __mempcpy
                0x0000000000020680                __GI___mempcpy
 *fill*         0x00000000000207a1        0xf 
 .text          0x00000000000207b0       0x81 /workspaces/Portefolio/glibc-2.34/build/libc_pic.a(stpcpy.os)
                0x00000000000207b0                stpcpy
                0x00000000000207b0                __GI_stpcpy
                0x00000000000207b0                __stpcpy
                0x00000000000207b0                __GI___stpcpy
 *fill*         0x0000000000020831        0xf 
 .text          0x0000000000020840      0x121 /workspaces/Portefolio/glibc-2.34/build/libc_pic.a(memcpy.os)
                0x0000000000020840                __GI_memcpy
                0x0000000000020840                __SI__new_memcpy_0
                0x0000000000020840                __new_memcpy
                0x0000000000020840                memcpy@@GLIBC_2.14
 *fill*         0x0000000000020961        0xf 
 .text          0x0000000000020970       0x8d /workspaces/Portefolio/glibc-2.34/build/libc_pic.a(rawmemchr.os)
                0x0000000000020970                __GI___rawmemchr
                0x0000000000020970                __rawmemchr
                0x0000000000020970                rawmemchr
 *fill*         0x00000000000209fd        0x3 
 .text          0x0000000000020a00     0x1449 /workspaces/Portefolio/glibc-2.34/build/libc_pic.a(strcmp-sse2.os)
                0x0000000000020a00                __strcmp_sse2
 *fill*         0x0000000000021e49        0x7 
 .text          0x0000000000021e50      0x2a3 /workspaces/Portefolio/glibc-2.34/build/libc_pic.a(strcmp-sse2-unaligned.os)
                0x0000000000021e50                __strcmp_sse2_unaligned
 .text          0x00000000000220f3        0x0 /workspaces/Portefolio/glibc-2.34/build/libc_pic.a(strcmp-ssse3.os)
 .text          0x00000000000220f3        0x0 /workspaces/Portefolio/glibc-2.34/build/libc_pic.a(strcmp-avx2.os)
 *fill*         0x00000000000220f3        0xd 
 .text          0x0000000000022100     0x1859 /workspaces/Portefolio/glibc-2.34/build/libc_pic.a(strncmp-sse2.os)
                0x0000000000022100                __strncmp_sse2
 .text          0x0000000000023959        0x0 /workspaces/Portefolio/glibc-2.34/build/libc_pic.a(strncmp-ssse3.os)
 .text          0x0000000000023959        0x0 /workspaces/Portefolio/glibc-2.34/build/libc_pic.a(strncmp-sse4_2.os)
 .text          0x0000000000023959        0x0 /workspaces/Portefolio/glibc-2.34/build/libc_pic.a(strncmp-avx2.os)
 *fill*         0x0000000000023959        0x7 
 .text          0x0000000000023960      0x323 /workspaces/Portefolio/glibc-2.34/build/libc_pic.a(memchr-sse2.os)
                0x0000000000023960                __memchr_sse2
 *fill*         0x0000000000023c83        0xd 
 .text          0x0000000000023c90      0x209 /workspaces/Portefolio/glibc-2.34/build/libc_pic.a(rawmemchr-sse2.os)
                0x0000000000023c90                __rawmemchr_sse2
 .text          0x0000000000023e99        0x0 /workspaces/Portefolio/glibc-2.34/build/libc_pic.a(memchr-avx2.os)
 .text          0x0000000000023e99        0x0 /workspaces/Portefolio/glibc-2.34/build/libc_pic.a(rawmemchr-avx2.os)
 *fill*         0x0000000000023e99        0x7 
 .text          0x0000000000023ea0      0x400 /workspaces/Portefolio/glibc-2.34/build/libc_pic.a(memcmp-sse2.os)
                0x0000000000023ea0                __memcmp_sse2
 .text          0x00000000000242a0        0x0 /workspaces/Portefolio/glibc-2.34/build/libc_pic.a(memcmp-avx2-movbe.os)
 .text          0x00000000000242a0        0x0 /workspaces/Portefolio/glibc-2.34/build/libc_pic.a(memcmp-sse4.os)
 .text          0x00000000000242a0        0x0 /workspaces/Portefolio/glibc-2.34/build/libc_pic.a(memcpy-ssse3.os)
 .text          0x00000000000242a0        0x0 /workspaces/Portefolio/glibc-2.34/build/libc_pic.a(memmove-ssse3.os)
 .text          0x00000000000242a0        0x0 /workspaces/Portefolio/glibc-2.34/build/libc_pic.a(memcpy-ssse3-back.os)
 .text          0x00000000000242a0        0x0 /workspaces/Portefolio/glibc-2.34/build/libc_pic.a(memmove-ssse3-back.os)
 .text          0x00000000000242a0        0x0 /workspaces/Portefolio/glibc-2.34/build/libc_pic.a(memmove-avx512-no-vzeroupper.os)
 .text          0x00000000000242a0      0x22a /workspaces/Portefolio/glibc-2.34/build/libc_pic.a(strchr-sse2.os)
                0x00000000000242a0                __strchr_sse2
 .text          0x00000000000244ca        0x0 /workspaces/Portefolio/glibc-2.34/build/libc_pic.a(strchr-avx2.os)
 *fill*         0x00000000000244ca        0x6 
 .text          0x00000000000244d0      0x19c /workspaces/Portefolio/glibc-2.34/build/libc_pic.a(strlen-sse2.os)
                0x00000000000244d0                __strlen_sse2
 *fill*         0x000000000002466c        0x4 
 .text          0x0000000000024670      0x218 /workspaces/Portefolio/glibc-2.34/build/libc_pic.a(strnlen-sse2.os)
                0x0000000000024670                __strnlen_sse2
 .text          0x0000000000024888        0x0 /workspaces/Portefolio/glibc-2.34/build/libc_pic.a(strlen-avx2.os)
 .text          0x0000000000024888        0x0 /workspaces/Portefolio/glibc-2.34/build/libc_pic.a(strnlen-avx2.os)
 *fill*         0x0000000000024888        0x8 
 .text          0x0000000000024890       0xec /workspaces/Portefolio/glibc-2.34/build/libc_pic.a(stpcpy-sse2.os)
                0x0000000000024890                __stpcpy_sse2
 .text          0x000000000002497c        0x0 /workspaces/Portefolio/glibc-2.34/build/libc_pic.a(stpcpy-ssse3.os)
 *fill*         0x000000000002497c        0x4 
 .text          0x0000000000024980      0x6c0 /workspaces/Portefolio/glibc-2.34/build/libc_pic.a(stpcpy-sse2-unaligned.os)
                0x0000000000024980                __stpcpy_sse2_unaligned
 .text          0x0000000000025040        0x0 /workspaces/Portefolio/glibc-2.34/build/libc_pic.a(stpcpy-avx2.os)
 .text          0x0000000000025040        0x0 /workspaces/Portefolio/glibc-2.34/build/libc_pic.a(strchr-sse2-no-bsf.os)
 .text          0x0000000000025040        0x0 /workspaces/Portefolio/glibc-2.34/build/libc_pic.a(memcmp-ssse3.os)
 .text          0x0000000000025040       0xa7 /workspaces/Portefolio/glibc-2.34/build/libc_pic.a(strcspn-sse2.os)
                0x0000000000025040                __strcspn_sse2
 .text          0x00000000000250e7        0x0 /workspaces/Portefolio/glibc-2.34/build/libc_pic.a(strcspn-c.os)
 .text          0x00000000000250e7        0x0 /workspaces/Portefolio/glibc-2.34/build/libc_pic.a(varshift.os)
 .text          0x00000000000250e7        0x0 /workspaces/Portefolio/glibc-2.34/build/libc_pic.a(memset-avx512-no-vzeroupper.os)
 *fill*         0x00000000000250e7        0x9 
 .text          0x00000000000250f0      0x692 /workspaces/Portefolio/glibc-2.34/build/libc_pic.a(memmove-sse2-unaligned-erms.os)
                0x00000000000250f0                __mempcpy_chk_sse2_unaligned
                0x0000000000025100                __mempcpy_sse2_unaligned
                0x0000000000025110                __memcpy_chk_sse2_unaligned
                0x0000000000025110                __memmove_chk_sse2_unaligned
                0x0000000000025120                __memmove_sse2_unaligned
                0x0000000000025120                __SI__memmove_sse2_unaligned_0
                0x0000000000025120                __memcpy_sse2_unaligned
                0x0000000000025120                memcpy@GLIBC_2.2.5
                0x0000000000025150                __mempcpy_chk_erms
                0x0000000000025160                __mempcpy_erms
                0x0000000000025180                __memcpy_chk_erms
                0x0000000000025180                __memmove_chk_erms
                0x0000000000025190                __memmove_erms
                0x0000000000025190                __memcpy_erms
                0x00000000000251d0                __mempcpy_chk_sse2_unaligned_erms
                0x00000000000251e0                __mempcpy_sse2_unaligned_erms
                0x00000000000251f0                __memmove_chk_sse2_unaligned_erms
                0x00000000000251f0                __memcpy_chk_sse2_unaligned_erms
                0x0000000000025200                __memmove_sse2_unaligned_erms
                0x0000000000025200                __memcpy_sse2_unaligned_erms
 .text          0x0000000000025782        0x0 /workspaces/Portefolio/glibc-2.34/build/libc_pic.a(memmove-avx-unaligned-erms.os)
 .text          0x0000000000025782        0x0 /workspaces/Portefolio/glibc-2.34/build/libc_pic.a(memmove-avx512-unaligned-erms.os)
 *fill*         0x0000000000025782        0xe 
 .text          0x0000000000025790      0x1d2 /workspaces/Portefolio/glibc-2.34/build/libc_pic.a(memset-sse2-unaligned-erms.os)
                0x0000000000025790                __bzero
                0x0000000000025790                bzero
                0x00000000000257a0                __wmemset_chk_sse2_unaligned
                0x00000000000257b0                __wmemset_sse2_unaligned
                0x00000000000257d0                __memset_chk_sse2_unaligned
                0x00000000000257e0                __memset_sse2_unaligned
                0x0000000000025820                __memset_chk_erms
                0x0000000000025830                __memset_erms
                0x0000000000025850                __memset_chk_sse2_unaligned_erms
                0x0000000000025860                __memset_sse2_unaligned_erms
 .text          0x0000000000025962        0x0 /workspaces/Portefolio/glibc-2.34/build/libc_pic.a(memset-avx2-unaligned-erms.os)
 .text          0x0000000000025962        0x0 /workspaces/Portefolio/glibc-2.34/build/libc_pic.a(memset-avx512-unaligned-erms.os)
 .text          0x0000000000025962        0x0 /workspaces/Portefolio/glibc-2.34/build/libc_pic.a(memchr-avx2-rtm.os)
 .text          0x0000000000025962        0x0 /workspaces/Portefolio/glibc-2.34/build/libc_pic.a(memcmp-avx2-movbe-rtm.os)
 .text          0x0000000000025962        0x0 /workspaces/Portefolio/glibc-2.34/build/libc_pic.a(memmove-avx-unaligned-erms-rtm.os)
 .text          0x0000000000025962        0x0 /workspaces/Portefolio/glibc-2.34/build/libc_pic.a(memset-avx2-unaligned-erms-rtm.os)
 .text          0x0000000000025962        0x0 /workspaces/Portefolio/glibc-2.34/build/libc_pic.a(rawmemchr-avx2-rtm.os)
 .text          0x0000000000025962        0x0 /workspaces/Portefolio/glibc-2.34/build/libc_pic.a(strchr-avx2-rtm.os)
 .text          0x0000000000025962        0x0 /workspaces/Portefolio/glibc-2.34/build/libc_pic.a(strcmp-avx2-rtm.os)
 .text          0x0000000000025962        0x0 /workspaces/Portefolio/glibc-2.34/build/libc_pic.a(stpcpy-avx2-rtm.os)
 .text          0x0000000000025962        0x0 /workspaces/Portefolio/glibc-2.34/build/libc_pic.a(strlen-avx2-rtm.os)
 .text          0x0000000000025962        0x0 /workspaces/Portefolio/glibc-2.34/build/libc_pic.a(strncmp-avx2-rtm.os)
 .text          0x0000000000025962        0x0 /workspaces/Portefolio/glibc-2.34/build/libc_pic.a(strnlen-avx2-rtm.os)
 .text          0x0000000000025962        0x0 /workspaces/Portefolio/glibc-2.34/build/libc_pic.a(memchr-evex.os)
 .text          0x0000000000025962        0x0 /workspaces/Portefolio/glibc-2.34/build/libc_pic.a(memcmp-evex-movbe.os)
 .text          0x0000000000025962        0x0 /workspaces/Portefolio/glibc-2.34/build/libc_pic.a(memmove-evex-unaligned-erms.os)
 .text          0x0000000000025962        0x0 /workspaces/Portefolio/glibc-2.34/build/libc_pic.a(memset-evex-unaligned-erms.os)
 .text          0x0000000000025962        0x0 /workspaces/Portefolio/glibc-2.34/build/libc_pic.a(rawmemchr-evex.os)
 .text          0x0000000000025962        0x0 /workspaces/Portefolio/glibc-2.34/build/libc_pic.a(stpcpy-evex.os)
 .text          0x0000000000025962        0x0 /workspaces/Portefolio/glibc-2.34/build/libc_pic.a(strchr-evex.os)
 .text          0x0000000000025962        0x0 /workspaces/Portefolio/glibc-2.34/build/libc_pic.a(strcmp-evex.os)
 .text          0x0000000000025962        0x0 /workspaces/Portefolio/glibc-2.34/build/libc_pic.a(strlen-evex.os)
 .text          0x0000000000025962        0x0 /workspaces/Portefolio/glibc-2.34/build/libc_pic.a(strncmp-evex.os)
 .text          0x0000000000025962        0x0 /workspaces/Portefolio/glibc-2.34/build/libc_pic.a(strnlen-evex.os)
 .text          0x0000000000025962        0x0 /workspaces/Portefolio/glibc-2.34/build/libc_pic.a(memchr-evex-rtm.os)
 .text          0x0000000000025962        0x0 /workspaces/Portefolio/glibc-2.34/build/libc_pic.a(rawmemchr-evex-rtm.os)
 *fill*         0x0000000000025962        0xe 
 .text          0x0000000000025970      0x188 /workspaces/Portefolio/glibc-2.34/build/libc_pic.a(cacheinfo.os)
                0x0000000000025970                __x86_cacheinfo
                0x0000000000025a00                __cache_sysconf
 *fill*         0x0000000000025af8        0x8 
 .text          0x0000000000025b00       0x2d /workspaces/Portefolio/glibc-2.34/build/libc_pic.a(closedir.os)
                0x0000000000025b00                __closedir
                0x0000000000025b00                closedir
 *fill*         0x0000000000025b2d        0x3 
 .text          0x0000000000025b30       0x7e /workspaces/Portefolio/glibc-2.34/build/libc_pic.a(rewinddir.os)
                0x0000000000025b30                rewinddir
                0x0000000000025b30                __rewinddir
                0x0000000000025b30                __GI___rewinddir
 *fill*         0x0000000000025bae        0x2 
 .text          0x0000000000025bb0       0xf0 /workspaces/Portefolio/glibc-2.34/build/libc_pic.a(readdir64.os)
                0x0000000000025bb0                readdir
                0x0000000000025bb0                __readdir64
                0x0000000000025bb0                __readdir
                0x0000000000025bb0                __GI___readdir64
                0x0000000000025bb0                readdir64
 .text          0x0000000000025ca0       0x9a /workspaces/Portefolio/glibc-2.34/build/libc_pic.a(fdopendir.os)
                0x0000000000025ca0                fdopendir
                0x0000000000025ca0                __fdopendir
 *fill*         0x0000000000025d3a        0x6 
 .text          0x0000000000025d40       0x25 /workspaces/Portefolio/glibc-2.34/build/libc_pic.a(uname.os)
                0x0000000000025d40                uname
                0x0000000000025d40                __GI_uname
                0x0000000000025d40                __uname
                0x0000000000025d40                __GI___uname
 *fill*         0x0000000000025d65        0xb 
 .text          0x0000000000025d70       0x58 /workspaces/Portefolio/glibc-2.34/build/libc_pic.a(_exit.os)
                0x0000000000025d70                _Exit
                0x0000000000025d70                __GI__exit
                0x0000000000025d70                _exit
 *fill*         0x0000000000025dc8        0x8 
 .text          0x0000000000025dd0        0xc /workspaces/Portefolio/glibc-2.34/build/libc_pic.a(getpid.os)
                0x0000000000025dd0                __getpid
                0x0000000000025dd0                getpid
                0x0000000000025dd0                __GI_getpid
                0x0000000000025dd0                __GI___getpid
 .text          0x0000000000025ddc        0x0 /workspaces/Portefolio/glibc-2.34/build/libc_pic.a(environ.os)
 *fill*         0x0000000000025ddc        0x4 
 .text          0x0000000000025de0       0x16 /workspaces/Portefolio/glibc-2.34/build/libc_pic.a(stat64.os)
                0x0000000000025de0                stat64
                0x0000000000025de0                __stat
                0x0000000000025de0                __stat64
                0x0000000000025de0                stat
                0x0000000000025de0                __GI___stat64
 *fill*         0x0000000000025df6        0xa 
 .text          0x0000000000025e00       0x34 /workspaces/Portefolio/glibc-2.34/build/libc_pic.a(fstat64.os)
                0x0000000000025e00                __GI___fstat64
                0x0000000000025e00                fstat64
                0x0000000000025e00                fstat
                0x0000000000025e00                __fstat64
                0x0000000000025e00                __fstat
 *fill*         0x0000000000025e34        0xc 
 .text          0x0000000000025e40       0x19 /workspaces/Portefolio/glibc-2.34/build/libc_pic.a(lstat64.os)
                0x0000000000025e40                __lstat64
                0x0000000000025e40                lstat
                0x0000000000025e40                lstat64
                0x0000000000025e40                __GI___lstat64
                0x0000000000025e40                __lstat
 *fill*         0x0000000000025e59        0x7 
 .text          0x0000000000025e60       0x32 /workspaces/Portefolio/glibc-2.34/build/libc_pic.a(fstatat64.os)
                0x0000000000025e60                fstatat
                0x0000000000025e60                __fstatat
                0x0000000000025e60                fstatat64
                0x0000000000025e60                __fstatat64
                0x0000000000025e60                __GI___fstatat
                0x0000000000025e60                __GI___fstatat64
 *fill*         0x0000000000025e92        0xe 
 .text          0x0000000000025ea0      0x103 /workspaces/Portefolio/glibc-2.34/build/libc_pic.a(openat64.os)
                0x0000000000025ea0                __openat64
                0x0000000000025ea0                __GI___openat
                0x0000000000025ea0                __GI___openat64
                0x0000000000025ea0                __libc_openat64
                0x0000000000025ea0                __openat
                0x0000000000025ea0                openat
 *fill*         0x0000000000025fa3        0xd 
 .text          0x0000000000025fb0       0x2c /workspaces/Portefolio/glibc-2.34/build/libc_pic.a(lseek64.os)
                0x0000000000025fb0                __GI___lseek
                0x0000000000025fb0                __lseek64
                0x0000000000025fb0                lseek
                0x0000000000025fb0                __libc_lseek64
                0x0000000000025fb0                llseek@GLIBC_2.2.5
                0x0000000000025fb0                __lseek
                0x0000000000025fb0                __SI__lseek64_0
                0x0000000000025fb0                __libc_lseek
                0x0000000000025fb0                lseek64
 *fill*         0x0000000000025fdc        0x4 
 .text          0x0000000000025fe0       0x2a /workspaces/Portefolio/glibc-2.34/build/libc_pic.a(access.os)
                0x0000000000025fe0                __GI___access
                0x0000000000025fe0                access
                0x0000000000025fe0                __access
 *fill*         0x000000000002600a        0x6 
 .text          0x0000000000026010       0x2a /workspaces/Portefolio/glibc-2.34/build/libc_pic.a(close_nocancel.os)
                0x0000000000026010                __GI___close_nocancel
                0x0000000000026010                __close_nocancel
 *fill*         0x000000000002603a        0x6 
 .text          0x0000000000026040       0x93 /workspaces/Portefolio/glibc-2.34/build/libc_pic.a(fcntl_nocancel.os)
                0x0000000000026040                __fcntl64_nocancel_adjusted
                0x00000000000260a0                __fcntl64_nocancel
                0x00000000000260a0                __GI___fcntl64_nocancel
 *fill*         0x00000000000260d3        0xd 
 .text          0x00000000000260e0       0x82 /workspaces/Portefolio/glibc-2.34/build/libc_pic.a(open64_nocancel.os)
                0x00000000000260e0                __GI___open_nocancel
                0x00000000000260e0                __open_nocancel
                0x00000000000260e0                __GI___open64_nocancel
                0x00000000000260e0                __open64_nocancel
 *fill*         0x0000000000026162        0xe 
 .text          0x0000000000026170       0x2c /workspaces/Portefolio/glibc-2.34/build/libc_pic.a(read_nocancel.os)
                0x0000000000026170                __read_nocancel
                0x0000000000026170                __GI___read_nocancel
 *fill*         0x000000000002619c        0x4 
 .text          0x00000000000261a0       0x34 /workspaces/Portefolio/glibc-2.34/build/libc_pic.a(pread64_nocancel.os)
                0x00000000000261a0                __GI___pread64_nocancel
                0x00000000000261a0                __pread64_nocancel
 *fill*         0x00000000000261d4        0xc 
 .text          0x00000000000261e0       0x2c /workspaces/Portefolio/glibc-2.34/build/libc_pic.a(write_nocancel.os)
                0x00000000000261e0                __GI___write_nocancel
                0x00000000000261e0                __write_nocancel
 *fill*         0x000000000002620c        0x4 
 .text          0x0000000000026210       0xa5 /workspaces/Portefolio/glibc-2.34/build/libc_pic.a(mmap64.os)
                0x0000000000026210                __GI___mmap
                0x0000000000026210                __mmap
                0x0000000000026210                mmap
                0x0000000000026210                __GI___mmap64
                0x0000000000026210                __mmap64
                0x0000000000026210                mmap64
 *fill*         0x00000000000262b5        0xb 
 .text          0x00000000000262c0       0x25 /workspaces/Portefolio/glibc-2.34/build/libc_pic.a(munmap.os)
                0x00000000000262c0                munmap
                0x00000000000262c0                __GI___munmap
                0x00000000000262c0                __GI_munmap
                0x00000000000262c0                __munmap
 *fill*         0x00000000000262e5        0xb 
 .text          0x00000000000262f0       0x25 /workspaces/Portefolio/glibc-2.34/build/libc_pic.a(mprotect.os)
                0x00000000000262f0                __mprotect
                0x00000000000262f0                __GI___mprotect
                0x00000000000262f0                __GI_mprotect
                0x00000000000262f0                mprotect
 *fill*         0x0000000000026315        0xb 
 .text          0x0000000000026320      0x1bf /workspaces/Portefolio/glibc-2.34/build/libc_pic.a(profil.os)
                0x0000000000026370                __profil
                0x0000000000026370                profil
 *fill*         0x00000000000264df        0x1 
 .text          0x00000000000264e0        0xf /workspaces/Portefolio/glibc-2.34/build/libc_pic.a(prof-freq.os)
                0x00000000000264e0                __GI___profile_frequency
                0x00000000000264e0                __profile_frequency
 *fill*         0x00000000000264ef        0x1 
 .text          0x00000000000264f0       0x7b /workspaces/Portefolio/glibc-2.34/build/libc_pic.a(dl-addr-obj.os)
                0x00000000000264f0                _dl_addr_inside_object
 *fill*         0x000000000002656b        0x5 
 .text          0x0000000000026570       0x34 /workspaces/Portefolio/glibc-2.34/build/libc_pic.a(sigaction.os)
                0x0000000000026570                sigaction
                0x0000000000026570                __GI___sigaction
                0x0000000000026570                __sigaction
 *fill*         0x00000000000265a4        0xc 
 .text          0x00000000000265b0      0x1b5 /workspaces/Portefolio/glibc-2.34/build/libc_pic.a(libc_sigaction.os)
                0x00000000000265d0                __libc_sigaction
                0x00000000000265d0                __GI___libc_sigaction
 *fill*         0x0000000000026765        0xb 
 .text          0x0000000000026770       0x2a /workspaces/Portefolio/glibc-2.34/build/libc_pic.a(setitimer.os)
                0x0000000000026770                setitimer
                0x0000000000026770                __setitimer
 *fill*         0x000000000002679a        0x6 
 .text          0x00000000000267a0       0x3c /workspaces/Portefolio/glibc-2.34/build/libc_pic.a(getdents64.os)
                0x00000000000267a0                __getdents
                0x00000000000267a0                __GI___getdents64
                0x00000000000267a0                getdents64
                0x00000000000267a0                __getdents64
 *(.gnu.warning)

.text.ssse3     0x0000000000000000     0xedb3
 .text.ssse3    0x0000000000000000     0x1269 /workspaces/Portefolio/glibc-2.34/build/libc_pic.a(strcmp-ssse3.os)
                0x0000000000000000                __GI___strcmp_ssse3
                0x0000000000000000                __strcmp_ssse3
 *fill*         0x0000000000001269        0x7 
 .text.ssse3    0x0000000000001270     0x1769 /workspaces/Portefolio/glibc-2.34/build/libc_pic.a(strncmp-ssse3.os)
                0x0000000000001270                __strncmp_ssse3
 *fill*         0x00000000000029d9        0x7 
 .text.ssse3    0x00000000000029e0     0x29f7 /workspaces/Portefolio/glibc-2.34/build/libc_pic.a(memcpy-ssse3.os)
                0x00000000000029e0                __mempcpy_chk_ssse3
                0x00000000000029f0                __mempcpy_ssse3
                0x0000000000002a00                __memcpy_chk_ssse3
                0x0000000000002a10                __memcpy_ssse3
 *fill*         0x00000000000053d7        0x9 
 .text.ssse3    0x00000000000053e0     0x2b88 /workspaces/Portefolio/glibc-2.34/build/libc_pic.a(memmove-ssse3.os)
                0x00000000000053e0                __memmove_chk_ssse3
                0x00000000000053f0                __memmove_ssse3
 *fill*         0x0000000000007f68        0x8 
 .text.ssse3    0x0000000000007f70     0x2b06 /workspaces/Portefolio/glibc-2.34/build/libc_pic.a(memcpy-ssse3-back.os)
                0x0000000000007f70                __mempcpy_chk_ssse3_back
                0x0000000000007f80                __mempcpy_ssse3_back
                0x0000000000007f90                __memcpy_chk_ssse3_back
                0x0000000000007fa0                __memcpy_ssse3_back
 *fill*         0x000000000000aa76        0xa 
 .text.ssse3    0x000000000000aa80     0x2b26 /workspaces/Portefolio/glibc-2.34/build/libc_pic.a(memmove-ssse3-back.os)
                0x000000000000aa80                __memmove_chk_ssse3_back
                0x000000000000aa90                __memmove_ssse3_back
 *fill*         0x000000000000d5a6        0xa 
 .text.ssse3    0x000000000000d5b0     0x1803 /workspaces/Portefolio/glibc-2.34/build/libc_pic.a(stpcpy-ssse3.os)
                0x000000000000d5b0                __stpcpy_ssse3

.text.avx       0x0000000000000000     0x2561
 .text.avx      0x0000000000000000      0x43f /workspaces/Portefolio/glibc-2.34/build/libc_pic.a(strcmp-avx2.os)
                0x0000000000000000                __strcmp_avx2
 *fill*         0x000000000000043f        0x1 
 .text.avx      0x0000000000000440      0x528 /workspaces/Portefolio/glibc-2.34/build/libc_pic.a(strncmp-avx2.os)
                0x0000000000000440                __strncmp_avx2
 *fill*         0x0000000000000968       0x18 
 .text.avx      0x0000000000000980      0x2cf /workspaces/Portefolio/glibc-2.34/build/libc_pic.a(memchr-avx2.os)
                0x0000000000000980                __memchr_avx2
 *fill*         0x0000000000000c4f        0x1 
 .text.avx      0x0000000000000c50      0x16f /workspaces/Portefolio/glibc-2.34/build/libc_pic.a(rawmemchr-avx2.os)
                0x0000000000000c50                __rawmemchr_avx2
 *fill*         0x0000000000000dbf        0x1 
 .text.avx      0x0000000000000dc0      0x43d /workspaces/Portefolio/glibc-2.34/build/libc_pic.a(memcmp-avx2-movbe.os)
                0x0000000000000dc0                __memcmp_avx2_movbe
 *fill*         0x00000000000011fd        0x3 
 .text.avx      0x0000000000001200      0x271 /workspaces/Portefolio/glibc-2.34/build/libc_pic.a(strchr-avx2.os)
                0x0000000000001200                __strchr_avx2
 *fill*         0x0000000000001471        0xf 
 .text.avx      0x0000000000001480      0x172 /workspaces/Portefolio/glibc-2.34/build/libc_pic.a(strlen-avx2.os)
                0x0000000000001480                __strlen_avx2
 *fill*         0x00000000000015f2        0xe 
 .text.avx      0x0000000000001600      0x2ce /workspaces/Portefolio/glibc-2.34/build/libc_pic.a(strnlen-avx2.os)
                0x0000000000001600                __strnlen_avx2
 *fill*         0x00000000000018ce        0x2 
 .text.avx      0x00000000000018d0      0x3ac /workspaces/Portefolio/glibc-2.34/build/libc_pic.a(stpcpy-avx2.os)
                0x00000000000018d0                __stpcpy_avx2
 *fill*         0x0000000000001c7c        0x4 
 .text.avx      0x0000000000001c80      0x72e /workspaces/Portefolio/glibc-2.34/build/libc_pic.a(memmove-avx-unaligned-erms.os)
                0x0000000000001c80                __mempcpy_chk_avx_unaligned
                0x0000000000001c90                __mempcpy_avx_unaligned
                0x0000000000001ca0                __memcpy_chk_avx_unaligned
                0x0000000000001ca0                __memmove_chk_avx_unaligned
                0x0000000000001cb0                __memcpy_avx_unaligned
                0x0000000000001cb0                __memmove_avx_unaligned
                0x0000000000001cf0                __mempcpy_chk_avx_unaligned_erms
                0x0000000000001d00                __mempcpy_avx_unaligned_erms
                0x0000000000001d10                __memmove_chk_avx_unaligned_erms
                0x0000000000001d10                __memcpy_chk_avx_unaligned_erms
                0x0000000000001d20                __memcpy_avx_unaligned_erms
                0x0000000000001d20                __memmove_avx_unaligned_erms
 *fill*         0x00000000000023ae        0x2 
 .text.avx      0x00000000000023b0      0x1b1 /workspaces/Portefolio/glibc-2.34/build/libc_pic.a(memset-avx2-unaligned-erms.os)
                0x00000000000023b0                __wmemset_chk_avx2_unaligned
                0x00000000000023c0                __wmemset_avx2_unaligned
                0x00000000000023e0                __memset_chk_avx2_unaligned
                0x00000000000023f0                __memset_avx2_unaligned
                0x0000000000002420                __memset_avx2_erms
                0x0000000000002440                __memset_chk_avx2_unaligned_erms
                0x0000000000002450                __memset_avx2_unaligned_erms

.text.sse4.2    0x0000000000000000     0x111f
 .text.sse4.2   0x0000000000000000      0xfd9 /workspaces/Portefolio/glibc-2.34/build/libc_pic.a(strncmp-sse4_2.os)
                0x0000000000000000                __strncmp_sse42
 *fill*         0x0000000000000fd9        0x7 
 .text.sse4.2   0x0000000000000fe0      0x13f /workspaces/Portefolio/glibc-2.34/build/libc_pic.a(strcspn-c.os)
                0x0000000000000fe0                __strcspn_sse42

.text.sse4.1    0x0000000000000000     0x163e
 .text.sse4.1   0x0000000000000000     0x163e /workspaces/Portefolio/glibc-2.34/build/libc_pic.a(memcmp-sse4.os)
                0x0000000000000000                __memcmp_sse4_1

.text.avx512    0x0000000000000000      0x9f4
 .text.avx512   0x0000000000000000      0x76f /workspaces/Portefolio/glibc-2.34/build/libc_pic.a(memmove-avx512-no-vzeroupper.os)
                0x0000000000000000                __mempcpy_chk_avx512_no_vzeroupper
                0x0000000000000010                __mempcpy_avx512_no_vzeroupper
                0x0000000000000020                __memcpy_chk_avx512_no_vzeroupper
                0x0000000000000020                __memmove_chk_avx512_no_vzeroupper
                0x0000000000000030                __memcpy_avx512_no_vzeroupper
                0x0000000000000030                __memmove_avx512_no_vzeroupper
 *fill*         0x000000000000076f        0x1 
 .text.avx512   0x0000000000000770      0x284 /workspaces/Portefolio/glibc-2.34/build/libc_pic.a(memset-avx512-no-vzeroupper.os)
                0x0000000000000770                __memset_chk_avx512_no_vzeroupper
                0x0000000000000780                __memset_avx512_no_vzeroupper

.text.atom      0x0000000000000000     0x1a83
 .text.atom     0x0000000000000000      0x315 /workspaces/Portefolio/glibc-2.34/build/libc_pic.a(strchr-sse2-no-bsf.os)
                0x0000000000000000                __strchr_sse2_no_bsf
 *fill*         0x0000000000000315        0xb 
 .text.atom     0x0000000000000320     0x1763 /workspaces/Portefolio/glibc-2.34/build/libc_pic.a(memcmp-ssse3.os)
                0x0000000000000320                __memcmp_ssse3

.text.evex512   0x0000000000000000      0xa6b
 .text.evex512  0x0000000000000000      0x860 /workspaces/Portefolio/glibc-2.34/build/libc_pic.a(memmove-avx512-unaligned-erms.os)
                0x0000000000000000                __mempcpy_chk_avx512_unaligned
                0x0000000000000010                __mempcpy_avx512_unaligned
                0x0000000000000020                __memcpy_chk_avx512_unaligned
                0x0000000000000020                __memmove_chk_avx512_unaligned
                0x0000000000000030                __memmove_avx512_unaligned
                0x0000000000000030                __memcpy_avx512_unaligned
                0x0000000000000070                __mempcpy_chk_avx512_unaligned_erms
                0x0000000000000080                __mempcpy_avx512_unaligned_erms
                0x0000000000000090                __memcpy_chk_avx512_unaligned_erms
                0x0000000000000090                __memmove_chk_avx512_unaligned_erms
                0x00000000000000a0                __memmove_avx512_unaligned_erms
                0x00000000000000a0                __memcpy_avx512_unaligned_erms
 .text.evex512  0x0000000000000860      0x20b /workspaces/Portefolio/glibc-2.34/build/libc_pic.a(memset-avx512-unaligned-erms.os)
                0x0000000000000860                __wmemset_chk_avx512_unaligned
                0x0000000000000870                __wmemset_avx512_unaligned
                0x0000000000000890                __memset_chk_avx512_unaligned
                0x00000000000008a0                __memset_avx512_unaligned
                0x00000000000008d0                __memset_avx512_erms
                0x00000000000008f0                __memset_chk_avx512_unaligned_erms
                0x0000000000000900                __memset_avx512_unaligned_erms

.text.avx.rtm   0x0000000000000000     0x25fc
 .text.avx.rtm  0x0000000000000000      0x2c0 /workspaces/Portefolio/glibc-2.34/build/libc_pic.a(memchr-avx2-rtm.os)
                0x0000000000000000                __memchr_avx2_rtm
 .text.avx.rtm  0x00000000000002c0      0x43d /workspaces/Portefolio/glibc-2.34/build/libc_pic.a(memcmp-avx2-movbe-rtm.os)
                0x00000000000002c0                __memcmp_avx2_movbe_rtm
 *fill*         0x00000000000006fd        0x3 
 .text.avx.rtm  0x0000000000000700      0x73f /workspaces/Portefolio/glibc-2.34/build/libc_pic.a(memmove-avx-unaligned-erms-rtm.os)
                0x0000000000000700                __mempcpy_chk_avx_unaligned_rtm
                0x0000000000000710                __mempcpy_avx_unaligned_rtm
                0x0000000000000720                __memmove_chk_avx_unaligned_rtm
                0x0000000000000720                __memcpy_chk_avx_unaligned_rtm
                0x0000000000000730                __memcpy_avx_unaligned_rtm
                0x0000000000000730                __memmove_avx_unaligned_rtm
                0x0000000000000770                __mempcpy_chk_avx_unaligned_erms_rtm
                0x0000000000000780                __mempcpy_avx_unaligned_erms_rtm
                0x0000000000000790                __memcpy_chk_avx_unaligned_erms_rtm
                0x0000000000000790                __memmove_chk_avx_unaligned_erms_rtm
                0x00000000000007a0                __memmove_avx_unaligned_erms_rtm
                0x00000000000007a0                __memcpy_avx_unaligned_erms_rtm
 *fill*         0x0000000000000e3f        0x1 
 .text.avx.rtm  0x0000000000000e40      0x1c6 /workspaces/Portefolio/glibc-2.34/build/libc_pic.a(memset-avx2-unaligned-erms-rtm.os)
                0x0000000000000e40                __wmemset_chk_avx2_unaligned_rtm
                0x0000000000000e50                __wmemset_avx2_unaligned_rtm
                0x0000000000000e70                __memset_chk_avx2_unaligned_rtm
                0x0000000000000e80                __memset_avx2_unaligned_rtm
                0x0000000000000eb0                __memset_avx2_erms_rtm
                0x0000000000000ed0                __memset_chk_avx2_unaligned_erms_rtm
                0x0000000000000ee0                __memset_avx2_unaligned_erms_rtm
 *fill*         0x0000000000001006        0xa 
 .text.avx.rtm  0x0000000000001010      0x160 /workspaces/Portefolio/glibc-2.34/build/libc_pic.a(rawmemchr-avx2-rtm.os)
                0x0000000000001010                __rawmemchr_avx2_rtm
 *fill*         0x0000000000001170       0x10 
 .text.avx.rtm  0x0000000000001180      0x27a /workspaces/Portefolio/glibc-2.34/build/libc_pic.a(strchr-avx2-rtm.os)
                0x0000000000001180                __strchr_avx2_rtm
 *fill*         0x00000000000013fa        0x6 
 .text.avx.rtm  0x0000000000001400      0x470 /workspaces/Portefolio/glibc-2.34/build/libc_pic.a(strcmp-avx2-rtm.os)
                0x0000000000001400                __strcmp_avx2_rtm
 .text.avx.rtm  0x0000000000001870      0x3bd /workspaces/Portefolio/glibc-2.34/build/libc_pic.a(stpcpy-avx2-rtm.os)
                0x0000000000001870                __stpcpy_avx2_rtm
 *fill*         0x0000000000001c2d       0x13 
 .text.avx.rtm  0x0000000000001c40      0x16b /workspaces/Portefolio/glibc-2.34/build/libc_pic.a(strlen-avx2-rtm.os)
                0x0000000000001c40                __strlen_avx2_rtm
 *fill*         0x0000000000001dab        0x5 
 .text.avx.rtm  0x0000000000001db0      0x54d /workspaces/Portefolio/glibc-2.34/build/libc_pic.a(strncmp-avx2-rtm.os)
                0x0000000000001db0                __strncmp_avx2_rtm
 *fill*         0x00000000000022fd        0x3 
 .text.avx.rtm  0x0000000000002300      0x2fc /workspaces/Portefolio/glibc-2.34/build/libc_pic.a(strnlen-avx2-rtm.os)
                0x0000000000002300                __strnlen_avx2_rtm

.text.evex      0x0000000000000000     0x2b7e
 .text.evex     0x0000000000000000      0x2da /workspaces/Portefolio/glibc-2.34/build/libc_pic.a(memchr-evex.os)
                0x0000000000000000                __memchr_evex
 *fill*         0x00000000000002da        0x6 
 .text.evex     0x00000000000002e0      0x4bd /workspaces/Portefolio/glibc-2.34/build/libc_pic.a(memcmp-evex-movbe.os)
                0x00000000000002e0                __memcmp_evex_movbe
 *fill*         0x000000000000079d        0x3 
 .text.evex     0x00000000000007a0      0x84b /workspaces/Portefolio/glibc-2.34/build/libc_pic.a(memmove-evex-unaligned-erms.os)
                0x00000000000007a0                __mempcpy_chk_evex_unaligned
                0x00000000000007b0                __mempcpy_evex_unaligned
                0x00000000000007c0                __memcpy_chk_evex_unaligned
                0x00000000000007c0                __memmove_chk_evex_unaligned
                0x00000000000007d0                __memmove_evex_unaligned
                0x00000000000007d0                __memcpy_evex_unaligned
                0x0000000000000810                __mempcpy_chk_evex_unaligned_erms
                0x0000000000000820                __mempcpy_evex_unaligned_erms
                0x0000000000000830                __memcpy_chk_evex_unaligned_erms
                0x0000000000000830                __memmove_chk_evex_unaligned_erms
                0x0000000000000840                __memmove_evex_unaligned_erms
                0x0000000000000840                __memcpy_evex_unaligned_erms
 *fill*         0x0000000000000feb        0x5 
 .text.evex     0x0000000000000ff0      0x1f7 /workspaces/Portefolio/glibc-2.34/build/libc_pic.a(memset-evex-unaligned-erms.os)
                0x0000000000000ff0                __wmemset_chk_evex_unaligned
                0x0000000000001000                __wmemset_evex_unaligned
                0x0000000000001020                __memset_chk_evex_unaligned
                0x0000000000001030                __memset_evex_unaligned
                0x0000000000001060                __memset_evex_erms
                0x0000000000001080                __memset_chk_evex_unaligned_erms
                0x0000000000001090                __memset_evex_unaligned_erms
 *fill*         0x00000000000011e7       0x19 
 .text.evex     0x0000000000001200      0x17d /workspaces/Portefolio/glibc-2.34/build/libc_pic.a(rawmemchr-evex.os)
                0x0000000000001200                __rawmemchr_evex
 *fill*         0x000000000000137d        0x3 
 .text.evex     0x0000000000001380      0x447 /workspaces/Portefolio/glibc-2.34/build/libc_pic.a(stpcpy-evex.os)
                0x0000000000001380                __stpcpy_evex
 *fill*         0x00000000000017c7       0x19 
 .text.evex     0x00000000000017e0      0x28f /workspaces/Portefolio/glibc-2.34/build/libc_pic.a(strchr-evex.os)
                0x00000000000017e0                __strchr_evex
 *fill*         0x0000000000001a6f        0x1 
 .text.evex     0x0000000000001a70      0x5e2 /workspaces/Portefolio/glibc-2.34/build/libc_pic.a(strcmp-evex.os)
                0x0000000000001a70                __strcmp_evex
 *fill*         0x0000000000002052        0xe 
 .text.evex     0x0000000000002060      0x174 /workspaces/Portefolio/glibc-2.34/build/libc_pic.a(strlen-evex.os)
                0x0000000000002060                __strlen_evex
 *fill*         0x00000000000021d4        0xc 
 .text.evex     0x00000000000021e0      0x6cf /workspaces/Portefolio/glibc-2.34/build/libc_pic.a(strncmp-evex.os)
                0x00000000000021e0                __strncmp_evex
 *fill*         0x00000000000028af       0x11 
 .text.evex     0x00000000000028c0      0x2be /workspaces/Portefolio/glibc-2.34/build/libc_pic.a(strnlen-evex.os)
                0x00000000000028c0                __strnlen_evex

.text.evex.rtm  0x0000000000000000      0x49a
 .text.evex.rtm
                0x0000000000000000      0x2ea /workspaces/Portefolio/glibc-2.34/build/libc_pic.a(memchr-evex-rtm.os)
                0x0000000000000000                __memchr_evex_rtm
 *fill*         0x00000000000002ea       0x16 
 .text.evex.rtm
                0x0000000000000300      0x19a /workspaces/Portefolio/glibc-2.34/build/libc_pic.a(rawmemchr-evex-rtm.os)
                0x0000000000000300                __rawmemchr_evex_rtm

.fini
 *(SORT_NONE(.fini))

.rodata         0x0000000000000000     0x16d4
 *(.rodata)
 .rodata        0x0000000000000000     0x14f5 /workspaces/Portefolio/glibc-2.34/build/elf/dl-allobjs.os
 *fill*         0x00000000000014f5        0x3 
 .rodata        0x00000000000014f8       0x40 /workspaces/Portefolio/glibc-2.34/build/libc_pic.a(strcmp-sse2.os)
 .rodata        0x0000000000001538       0x40 /workspaces/Portefolio/glibc-2.34/build/libc_pic.a(strcmp-ssse3.os)
 .rodata        0x0000000000001578       0x40 /workspaces/Portefolio/glibc-2.34/build/libc_pic.a(strncmp-sse2.os)
 .rodata        0x00000000000015b8       0x40 /workspaces/Portefolio/glibc-2.34/build/libc_pic.a(strncmp-ssse3.os)
 .rodata        0x00000000000015f8       0x80 /workspaces/Portefolio/glibc-2.34/build/libc_pic.a(stpcpy-sse2-unaligned.os)
 *fill*         0x0000000000001678        0x8 
 .rodata        0x0000000000001680       0x1f /workspaces/Portefolio/glibc-2.34/build/libc_pic.a(varshift.os)
                0x0000000000001680                ___m128i_shift_right
 *fill*         0x000000000000169f        0x1 
 .rodata        0x00000000000016a0       0x34 /workspaces/Portefolio/glibc-2.34/build/libc_pic.a(cacheinfo.os)

.rodata.str1.1  0x0000000000000000     0x18a2
 .rodata.str1.1
                0x0000000000000000     0x188d /workspaces/Portefolio/glibc-2.34/build/elf/dl-allobjs.os
 .rodata.str1.1
                0x000000000000188d       0x14 /workspaces/Portefolio/glibc-2.34/build/libc_pic.a(check_fds.os)
 .rodata.str1.1
                0x00000000000018a1        0x1 /workspaces/Portefolio/glibc-2.34/build/libc_pic.a(fstat64.os)

.rodata.str1.8  0x0000000000000000     0x2f0f
 .rodata.str1.8
                0x0000000000000000     0x2ed1 /workspaces/Portefolio/glibc-2.34/build/elf/dl-allobjs.os
 *fill*         0x0000000000002ed1        0x7 
 .rodata.str1.8
                0x0000000000002ed8       0x37 /workspaces/Portefolio/glibc-2.34/build/libc_pic.a(lowlevellock.os)

.rodata.str1.16
                0x0000000000000000      0x4c2
 .rodata.str1.16
                0x0000000000000000      0x4c2 /workspaces/Portefolio/glibc-2.34/build/elf/dl-allobjs.os
                0x0000000000000410                __GI__itoa_lower_digits
                0x0000000000000410                _itoa_lower_digits
                0x0000000000000490                _dl_hwcaps_subdirs

.rodata.cst16   0x0000000000000000       0x10
 .rodata.cst16  0x0000000000000000       0x10 /workspaces/Portefolio/glibc-2.34/build/elf/dl-allobjs.os

.rodata.cst4    0x0000000000000000        0x4
 .rodata.cst4   0x0000000000000000        0x4 /workspaces/Portefolio/glibc-2.34/build/elf/dl-allobjs.os

.rodata.str1.32
                0x0000000000000000       0x3b
 .rodata.str1.32
                0x0000000000000000       0x3b /workspaces/Portefolio/glibc-2.34/build/elf/dl-allobjs.os

.rodata.sse4.2  0x0000000000000000       0x40
 .rodata.sse4.2
                0x0000000000000000       0x40 /workspaces/Portefolio/glibc-2.34/build/libc_pic.a(strncmp-sse4_2.os)

.rodata.sse4.1  0x0000000000000000      0x140
 .rodata.sse4.1
                0x0000000000000000      0x140 /workspaces/Portefolio/glibc-2.34/build/libc_pic.a(memcmp-sse4.os)

.rodata.ssse3   0x0000000000000000      0xd80
 .rodata.ssse3  0x0000000000000000      0x1c0 /workspaces/Portefolio/glibc-2.34/build/libc_pic.a(memcpy-ssse3.os)
 .rodata.ssse3  0x00000000000001c0      0x1c0 /workspaces/Portefolio/glibc-2.34/build/libc_pic.a(memmove-ssse3.os)
 .rodata.ssse3  0x0000000000000380      0x500 /workspaces/Portefolio/glibc-2.34/build/libc_pic.a(memcpy-ssse3-back.os)
 .rodata.ssse3  0x0000000000000880      0x500 /workspaces/Portefolio/glibc-2.34/build/libc_pic.a(memmove-ssse3-back.os)

.rodata1
 *(.rodata1)

.eh_frame_hdr
 *(.eh_frame_hdr)

.eh_frame       0x0000000000000000     0x4e8c
 *(.eh_frame)
 .eh_frame      0x0000000000000000     0x2fe0 /workspaces/Portefolio/glibc-2.34/build/elf/dl-allobjs.os
                                       0x3048 (size before relaxing)
 .eh_frame      0x0000000000002fe0       0x68 /workspaces/Portefolio/glibc-2.34/build/libc_pic.a(check_fds.os)
 .eh_frame      0x0000000000003048       0x30 /workspaces/Portefolio/glibc-2.34/build/libc_pic.a(setjmp.os)
 .eh_frame      0x0000000000003078       0x48 /workspaces/Portefolio/glibc-2.34/build/libc_pic.a(__longjmp.os)
 .eh_frame      0x00000000000030c0       0x70 /workspaces/Portefolio/glibc-2.34/build/libc_pic.a(lowlevellock.os)
 .eh_frame      0x0000000000003130       0x58 /workspaces/Portefolio/glibc-2.34/build/libc_pic.a(scratch_buffer_set_array_size.os)
 .eh_frame      0x0000000000003188       0x30 /workspaces/Portefolio/glibc-2.34/build/libc_pic.a(strchr.os)
 .eh_frame      0x00000000000031b8       0x30 /workspaces/Portefolio/glibc-2.34/build/libc_pic.a(strcmp.os)
 .eh_frame      0x00000000000031e8       0x30 /workspaces/Portefolio/glibc-2.34/build/libc_pic.a(strcspn.os)
 .eh_frame      0x0000000000003218       0x50 /workspaces/Portefolio/glibc-2.34/build/libc_pic.a(strdup.os)
 .eh_frame      0x0000000000003268       0x30 /workspaces/Portefolio/glibc-2.34/build/libc_pic.a(strlen.os)
 .eh_frame      0x0000000000003298       0x30 /workspaces/Portefolio/glibc-2.34/build/libc_pic.a(strnlen.os)
 .eh_frame      0x00000000000032c8       0x30 /workspaces/Portefolio/glibc-2.34/build/libc_pic.a(strncmp.os)
 .eh_frame      0x00000000000032f8       0x30 /workspaces/Portefolio/glibc-2.34/build/libc_pic.a(memchr.os)
 .eh_frame      0x0000000000003328       0x30 /workspaces/Portefolio/glibc-2.34/build/libc_pic.a(memcmp.os)
 .eh_frame      0x0000000000003358       0x30 /workspaces/Portefolio/glibc-2.34/build/libc_pic.a(memmove.os)
 .eh_frame      0x0000000000003388       0x30 /workspaces/Portefolio/glibc-2.34/build/libc_pic.a(memset.os)
 .eh_frame      0x00000000000033b8       0x30 /workspaces/Portefolio/glibc-2.34/build/libc_pic.a(mempcpy.os)
 .eh_frame      0x00000000000033e8       0x30 /workspaces/Portefolio/glibc-2.34/build/libc_pic.a(stpcpy.os)
 .eh_frame      0x0000000000003418       0x30 /workspaces/Portefolio/glibc-2.34/build/libc_pic.a(memcpy.os)
 .eh_frame      0x0000000000003448       0x30 /workspaces/Portefolio/glibc-2.34/build/libc_pic.a(rawmemchr.os)
 .eh_frame      0x0000000000003478       0x30 /workspaces/Portefolio/glibc-2.34/build/libc_pic.a(strcmp-sse2.os)
 .eh_frame      0x00000000000034a8       0x30 /workspaces/Portefolio/glibc-2.34/build/libc_pic.a(strcmp-sse2-unaligned.os)
 .eh_frame      0x00000000000034d8       0x30 /workspaces/Portefolio/glibc-2.34/build/libc_pic.a(strcmp-ssse3.os)
 .eh_frame      0x0000000000003508       0x30 /workspaces/Portefolio/glibc-2.34/build/libc_pic.a(strcmp-avx2.os)
 .eh_frame      0x0000000000003538       0x30 /workspaces/Portefolio/glibc-2.34/build/libc_pic.a(strncmp-sse2.os)
 .eh_frame      0x0000000000003568       0x30 /workspaces/Portefolio/glibc-2.34/build/libc_pic.a(strncmp-ssse3.os)
 .eh_frame      0x0000000000003598       0x30 /workspaces/Portefolio/glibc-2.34/build/libc_pic.a(strncmp-sse4_2.os)
 .eh_frame      0x00000000000035c8       0x30 /workspaces/Portefolio/glibc-2.34/build/libc_pic.a(strncmp-avx2.os)
 .eh_frame      0x00000000000035f8       0x30 /workspaces/Portefolio/glibc-2.34/build/libc_pic.a(memchr-sse2.os)
 .eh_frame      0x0000000000003628       0x30 /workspaces/Portefolio/glibc-2.34/build/libc_pic.a(rawmemchr-sse2.os)
 .eh_frame      0x0000000000003658       0x30 /workspaces/Portefolio/glibc-2.34/build/libc_pic.a(memchr-avx2.os)
 .eh_frame      0x0000000000003688       0x30 /workspaces/Portefolio/glibc-2.34/build/libc_pic.a(rawmemchr-avx2.os)
 .eh_frame      0x00000000000036b8       0x30 /workspaces/Portefolio/glibc-2.34/build/libc_pic.a(memcmp-sse2.os)
 .eh_frame      0x00000000000036e8       0x30 /workspaces/Portefolio/glibc-2.34/build/libc_pic.a(memcmp-avx2-movbe.os)
 .eh_frame      0x0000000000003718       0x30 /workspaces/Portefolio/glibc-2.34/build/libc_pic.a(memcmp-sse4.os)
 .eh_frame      0x0000000000003748       0x68 /workspaces/Portefolio/glibc-2.34/build/libc_pic.a(memcpy-ssse3.os)
 .eh_frame      0x00000000000037b0       0x40 /workspaces/Portefolio/glibc-2.34/build/libc_pic.a(memmove-ssse3.os)
 .eh_frame      0x00000000000037f0       0x68 /workspaces/Portefolio/glibc-2.34/build/libc_pic.a(memcpy-ssse3-back.os)
 .eh_frame      0x0000000000003858       0x40 /workspaces/Portefolio/glibc-2.34/build/libc_pic.a(memmove-ssse3-back.os)
 .eh_frame      0x0000000000003898       0x68 /workspaces/Portefolio/glibc-2.34/build/libc_pic.a(memmove-avx512-no-vzeroupper.os)
 .eh_frame      0x0000000000003900       0x30 /workspaces/Portefolio/glibc-2.34/build/libc_pic.a(strchr-sse2.os)
 .eh_frame      0x0000000000003930       0x30 /workspaces/Portefolio/glibc-2.34/build/libc_pic.a(strchr-avx2.os)
 .eh_frame      0x0000000000003960       0x30 /workspaces/Portefolio/glibc-2.34/build/libc_pic.a(strlen-sse2.os)
 .eh_frame      0x0000000000003990       0x30 /workspaces/Portefolio/glibc-2.34/build/libc_pic.a(strnlen-sse2.os)
 .eh_frame      0x00000000000039c0       0x30 /workspaces/Portefolio/glibc-2.34/build/libc_pic.a(strlen-avx2.os)
 .eh_frame      0x00000000000039f0       0x30 /workspaces/Portefolio/glibc-2.34/build/libc_pic.a(strnlen-avx2.os)
 .eh_frame      0x0000000000003a20       0x30 /workspaces/Portefolio/glibc-2.34/build/libc_pic.a(stpcpy-sse2.os)
 .eh_frame      0x0000000000003a50       0x30 /workspaces/Portefolio/glibc-2.34/build/libc_pic.a(stpcpy-ssse3.os)
 .eh_frame      0x0000000000003a80       0x30 /workspaces/Portefolio/glibc-2.34/build/libc_pic.a(stpcpy-sse2-unaligned.os)
 .eh_frame      0x0000000000003ab0       0x30 /workspaces/Portefolio/glibc-2.34/build/libc_pic.a(stpcpy-avx2.os)
 .eh_frame      0x0000000000003ae0       0x30 /workspaces/Portefolio/glibc-2.34/build/libc_pic.a(strchr-sse2-no-bsf.os)
 .eh_frame      0x0000000000003b10       0x30 /workspaces/Portefolio/glibc-2.34/build/libc_pic.a(memcmp-ssse3.os)
 .eh_frame      0x0000000000003b40       0x38 /workspaces/Portefolio/glibc-2.34/build/libc_pic.a(strcspn-sse2.os)
 .eh_frame      0x0000000000003b78       0x30 /workspaces/Portefolio/glibc-2.34/build/libc_pic.a(strcspn-c.os)
 .eh_frame      0x0000000000003ba8       0x40 /workspaces/Portefolio/glibc-2.34/build/libc_pic.a(memset-avx512-no-vzeroupper.os)
 .eh_frame      0x0000000000003be8      0x108 /workspaces/Portefolio/glibc-2.34/build/libc_pic.a(memmove-sse2-unaligned-erms.os)
 .eh_frame      0x0000000000003cf0       0xb8 /workspaces/Portefolio/glibc-2.34/build/libc_pic.a(memmove-avx-unaligned-erms.os)
 .eh_frame      0x0000000000003da8       0xb8 /workspaces/Portefolio/glibc-2.34/build/libc_pic.a(memmove-avx512-unaligned-erms.os)
 .eh_frame      0x0000000000003e60       0xd0 /workspaces/Portefolio/glibc-2.34/build/libc_pic.a(memset-sse2-unaligned-erms.os)
 .eh_frame      0x0000000000003f30       0xa8 /workspaces/Portefolio/glibc-2.34/build/libc_pic.a(memset-avx2-unaligned-erms.os)
 .eh_frame      0x0000000000003fd8       0xa8 /workspaces/Portefolio/glibc-2.34/build/libc_pic.a(memset-avx512-unaligned-erms.os)
 .eh_frame      0x0000000000004080       0x30 /workspaces/Portefolio/glibc-2.34/build/libc_pic.a(memchr-avx2-rtm.os)
 .eh_frame      0x00000000000040b0       0x30 /workspaces/Portefolio/glibc-2.34/build/libc_pic.a(memcmp-avx2-movbe-rtm.os)
 .eh_frame      0x00000000000040e0       0xb8 /workspaces/Portefolio/glibc-2.34/build/libc_pic.a(memmove-avx-unaligned-erms-rtm.os)
 .eh_frame      0x0000000000004198       0xa8 /workspaces/Portefolio/glibc-2.34/build/libc_pic.a(memset-avx2-unaligned-erms-rtm.os)
 .eh_frame      0x0000000000004240       0x30 /workspaces/Portefolio/glibc-2.34/build/libc_pic.a(rawmemchr-avx2-rtm.os)
 .eh_frame      0x0000000000004270       0x30 /workspaces/Portefolio/glibc-2.34/build/libc_pic.a(strchr-avx2-rtm.os)
 .eh_frame      0x00000000000042a0       0x30 /workspaces/Portefolio/glibc-2.34/build/libc_pic.a(strcmp-avx2-rtm.os)
 .eh_frame      0x00000000000042d0       0x30 /workspaces/Portefolio/glibc-2.34/build/libc_pic.a(stpcpy-avx2-rtm.os)
 .eh_frame      0x0000000000004300       0x30 /workspaces/Portefolio/glibc-2.34/build/libc_pic.a(strlen-avx2-rtm.os)
 .eh_frame      0x0000000000004330       0x30 /workspaces/Portefolio/glibc-2.34/build/libc_pic.a(strncmp-avx2-rtm.os)
 .eh_frame      0x0000000000004360       0x30 /workspaces/Portefolio/glibc-2.34/build/libc_pic.a(strnlen-avx2-rtm.os)
 .eh_frame      0x0000000000004390       0x30 /workspaces/Portefolio/glibc-2.34/build/libc_pic.a(memchr-evex.os)
 .eh_frame      0x00000000000043c0       0x30 /workspaces/Portefolio/glibc-2.34/build/libc_pic.a(memcmp-evex-movbe.os)
 .eh_frame      0x00000000000043f0       0xb8 /workspaces/Portefolio/glibc-2.34/build/libc_pic.a(memmove-evex-unaligned-erms.os)
 .eh_frame      0x00000000000044a8       0xa8 /workspaces/Portefolio/glibc-2.34/build/libc_pic.a(memset-evex-unaligned-erms.os)
 .eh_frame      0x0000000000004550       0x30 /workspaces/Portefolio/glibc-2.34/build/libc_pic.a(rawmemchr-evex.os)
 .eh_frame      0x0000000000004580       0x30 /workspaces/Portefolio/glibc-2.34/build/libc_pic.a(stpcpy-evex.os)
 .eh_frame      0x00000000000045b0       0x30 /workspaces/Portefolio/glibc-2.34/build/libc_pic.a(strchr-evex.os)
 .eh_frame      0x00000000000045e0       0x30 /workspaces/Portefolio/glibc-2.34/build/libc_pic.a(strcmp-evex.os)
 .eh_frame      0x0000000000004610       0x30 /workspaces/Portefolio/glibc-2.34/build/libc_pic.a(strlen-evex.os)
 .eh_frame      0x0000000000004640       0x30 /workspaces/Portefolio/glibc-2.34/build/libc_pic.a(strncmp-evex.os)
 .eh_frame      0x0000000000004670       0x30 /workspaces/Portefolio/glibc-2.34/build/libc_pic.a(strnlen-evex.os)
 .eh_frame      0x00000000000046a0       0x30 /workspaces/Portefolio/glibc-2.34/build/libc_pic.a(memchr-evex-rtm.os)
 .eh_frame      0x00000000000046d0       0x30 /workspaces/Portefolio/glibc-2.34/build/libc_pic.a(rawmemchr-evex-rtm.os)
 .eh_frame      0x0000000000004700       0x40 /workspaces/Portefolio/glibc-2.34/build/libc_pic.a(cacheinfo.os)
 .eh_frame      0x0000000000004740       0x38 /workspaces/Portefolio/glibc-2.34/build/libc_pic.a(closedir.os)
 .eh_frame      0x0000000000004778       0x50 /workspaces/Portefolio/glibc-2.34/build/libc_pic.a(rewinddir.os)
 .eh_frame      0x00000000000047c8       0x70 /workspaces/Portefolio/glibc-2.34/build/libc_pic.a(readdir64.os)
 .eh_frame      0x0000000000004838       0x50 /workspaces/Portefolio/glibc-2.34/build/libc_pic.a(fdopendir.os)
 .eh_frame      0x0000000000004888       0x30 /workspaces/Portefolio/glibc-2.34/build/libc_pic.a(uname.os)
 .eh_frame      0x00000000000048b8       0x30 /workspaces/Portefolio/glibc-2.34/build/libc_pic.a(_exit.os)
 .eh_frame      0x00000000000048e8       0x30 /workspaces/Portefolio/glibc-2.34/build/libc_pic.a(getpid.os)
 .eh_frame      0x0000000000004918       0x30 /workspaces/Portefolio/glibc-2.34/build/libc_pic.a(stat64.os)
 .eh_frame      0x0000000000004948       0x30 /workspaces/Portefolio/glibc-2.34/build/libc_pic.a(fstat64.os)
 .eh_frame      0x0000000000004978       0x30 /workspaces/Portefolio/glibc-2.34/build/libc_pic.a(lstat64.os)
 .eh_frame      0x00000000000049a8       0x30 /workspaces/Portefolio/glibc-2.34/build/libc_pic.a(fstatat64.os)
 .eh_frame      0x00000000000049d8       0x40 /workspaces/Portefolio/glibc-2.34/build/libc_pic.a(openat64.os)
 .eh_frame      0x0000000000004a18       0x30 /workspaces/Portefolio/glibc-2.34/build/libc_pic.a(lseek64.os)
 .eh_frame      0x0000000000004a48       0x30 /workspaces/Portefolio/glibc-2.34/build/libc_pic.a(access.os)
 .eh_frame      0x0000000000004a78       0x30 /workspaces/Portefolio/glibc-2.34/build/libc_pic.a(close_nocancel.os)
 .eh_frame      0x0000000000004aa8       0x48 /workspaces/Portefolio/glibc-2.34/build/libc_pic.a(fcntl_nocancel.os)
 .eh_frame      0x0000000000004af0       0x30 /workspaces/Portefolio/glibc-2.34/build/libc_pic.a(open64_nocancel.os)
 .eh_frame      0x0000000000004b20       0x30 /workspaces/Portefolio/glibc-2.34/build/libc_pic.a(read_nocancel.os)
 .eh_frame      0x0000000000004b50       0x30 /workspaces/Portefolio/glibc-2.34/build/libc_pic.a(pread64_nocancel.os)
 .eh_frame      0x0000000000004b80       0x30 /workspaces/Portefolio/glibc-2.34/build/libc_pic.a(write_nocancel.os)
 .eh_frame      0x0000000000004bb0       0x48 /workspaces/Portefolio/glibc-2.34/build/libc_pic.a(mmap64.os)
 .eh_frame      0x0000000000004bf8       0x30 /workspaces/Portefolio/glibc-2.34/build/libc_pic.a(munmap.os)
 .eh_frame      0x0000000000004c28       0x30 /workspaces/Portefolio/glibc-2.34/build/libc_pic.a(mprotect.os)
 .eh_frame      0x0000000000004c58       0x80 /workspaces/Portefolio/glibc-2.34/build/libc_pic.a(profil.os)
 .eh_frame      0x0000000000004cd8       0x30 /workspaces/Portefolio/glibc-2.34/build/libc_pic.a(prof-freq.os)
 .eh_frame      0x0000000000004d08       0x30 /workspaces/Portefolio/glibc-2.34/build/libc_pic.a(dl-addr-obj.os)
 .eh_frame      0x0000000000004d38       0x30 /workspaces/Portefolio/glibc-2.34/build/libc_pic.a(sigaction.os)
 .eh_frame      0x0000000000004d68       0xc8 /workspaces/Portefolio/glibc-2.34/build/libc_pic.a(libc_sigaction.os)
                                         0xd0 (size before relaxing)
 .eh_frame      0x0000000000004e30       0x30 /workspaces/Portefolio/glibc-2.34/build/libc_pic.a(setitimer.os)
 .eh_frame      0x0000000000004e60       0x2c /workspaces/Portefolio/glibc-2.34/build/libc_pic.a(getdents64.os)
                                         0x30 (size before relaxing)

.gcc_except_table
 *(.gcc_except_table)

.gnu_extab
 *(.gnu_extab*)

.exception_ranges
 *(.exception_ranges)

.eh_frame
 *(.eh_frame)

.gnu_extab
 *(.gnu_extab)

.gcc_except_table
 *(.gcc_except_table)

.exception_ranges
 *(.exception_ranges)

.tdata
 *(.tdata)

.tbss           0x0000000000000000        0x4
 *(.tbss)
 .tbss          0x0000000000000000        0x4 /workspaces/Portefolio/glibc-2.34/build/libc_pic.a(errno.os)
                0x0000000000000000                errno
                0x0000000000000000                __libc_errno

.jcr
 *(.jcr)

.dynamic
 *(.dynamic)

.got
 *(.got)

.got.plt
 *(.got.plt)

.data           0x0000000000000000     0x1058
 *(.data)
 .data          0x0000000000000000        0x0 /workspaces/Portefolio/glibc-2.34/build/elf/librtld.mapT.o
 .data          0x0000000000000000     0x1028 /workspaces/Portefolio/glibc-2.34/build/elf/dl-allobjs.os
                0x0000000000000000                _rtld_global
                0x0000000000000000                _rtld_local
 .data          0x0000000000001028        0x0 /workspaces/Portefolio/glibc-2.34/build/libc_pic.a(check_fds.os)
 .data          0x0000000000001028        0x0 /workspaces/Portefolio/glibc-2.34/build/libc_pic.a(errno.os)
 .data          0x0000000000001028        0x0 /workspaces/Portefolio/glibc-2.34/build/libc_pic.a(setjmp.os)
 .data          0x0000000000001028        0x0 /workspaces/Portefolio/glibc-2.34/build/libc_pic.a(__longjmp.os)
 .data          0x0000000000001028        0x0 /workspaces/Portefolio/glibc-2.34/build/libc_pic.a(lowlevellock.os)
 .data          0x0000000000001028        0x0 /workspaces/Portefolio/glibc-2.34/build/libc_pic.a(scratch_buffer_set_array_size.os)
 .data          0x0000000000001028        0x0 /workspaces/Portefolio/glibc-2.34/build/libc_pic.a(strchr.os)
 .data          0x0000000000001028        0x0 /workspaces/Portefolio/glibc-2.34/build/libc_pic.a(strcmp.os)
 .data          0x0000000000001028        0x0 /workspaces/Portefolio/glibc-2.34/build/libc_pic.a(strcspn.os)
 .data          0x0000000000001028        0x0 /workspaces/Portefolio/glibc-2.34/build/libc_pic.a(strdup.os)
 .data          0x0000000000001028        0x0 /workspaces/Portefolio/glibc-2.34/build/libc_pic.a(strlen.os)
 .data          0x0000000000001028        0x0 /workspaces/Portefolio/glibc-2.34/build/libc_pic.a(strnlen.os)
 .data          0x0000000000001028        0x0 /workspaces/Portefolio/glibc-2.34/build/libc_pic.a(strncmp.os)
 .data          0x0000000000001028        0x0 /workspaces/Portefolio/glibc-2.34/build/libc_pic.a(memchr.os)
 .data          0x0000000000001028        0x0 /workspaces/Portefolio/glibc-2.34/build/libc_pic.a(memcmp.os)
 .data          0x0000000000001028        0x0 /workspaces/Portefolio/glibc-2.34/build/libc_pic.a(memmove.os)
 .data          0x0000000000001028        0x0 /workspaces/Portefolio/glibc-2.34/build/libc_pic.a(memset.os)
 .data          0x0000000000001028        0x0 /workspaces/Portefolio/glibc-2.34/build/libc_pic.a(mempcpy.os)
 .data          0x0000000000001028        0x0 /workspaces/Portefolio/glibc-2.34/build/libc_pic.a(stpcpy.os)
 .data          0x0000000000001028        0x0 /workspaces/Portefolio/glibc-2.34/build/libc_pic.a(memcpy.os)
 .data          0x0000000000001028        0x0 /workspaces/Portefolio/glibc-2.34/build/libc_pic.a(rawmemchr.os)
 .data          0x0000000000001028        0x0 /workspaces/Portefolio/glibc-2.34/build/libc_pic.a(strcmp-sse2.os)
 .data          0x0000000000001028        0x0 /workspaces/Portefolio/glibc-2.34/build/libc_pic.a(strcmp-sse2-unaligned.os)
 .data          0x0000000000001028        0x0 /workspaces/Portefolio/glibc-2.34/build/libc_pic.a(strcmp-ssse3.os)
 .data          0x0000000000001028        0x0 /workspaces/Portefolio/glibc-2.34/build/libc_pic.a(strcmp-avx2.os)
 .data          0x0000000000001028        0x0 /workspaces/Portefolio/glibc-2.34/build/libc_pic.a(strncmp-sse2.os)
 .data          0x0000000000001028        0x0 /workspaces/Portefolio/glibc-2.34/build/libc_pic.a(strncmp-ssse3.os)
 .data          0x0000000000001028        0x0 /workspaces/Portefolio/glibc-2.34/build/libc_pic.a(strncmp-sse4_2.os)
 .data          0x0000000000001028        0x0 /workspaces/Portefolio/glibc-2.34/build/libc_pic.a(strncmp-avx2.os)
 .data          0x0000000000001028        0x0 /workspaces/Portefolio/glibc-2.34/build/libc_pic.a(memchr-sse2.os)
 .data          0x0000000000001028        0x0 /workspaces/Portefolio/glibc-2.34/build/libc_pic.a(rawmemchr-sse2.os)
 .data          0x0000000000001028        0x0 /workspaces/Portefolio/glibc-2.34/build/libc_pic.a(memchr-avx2.os)
 .data          0x0000000000001028        0x0 /workspaces/Portefolio/glibc-2.34/build/libc_pic.a(rawmemchr-avx2.os)
 .data          0x0000000000001028        0x0 /workspaces/Portefolio/glibc-2.34/build/libc_pic.a(memcmp-sse2.os)
 .data          0x0000000000001028        0x0 /workspaces/Portefolio/glibc-2.34/build/libc_pic.a(memcmp-avx2-movbe.os)
 .data          0x0000000000001028        0x0 /workspaces/Portefolio/glibc-2.34/build/libc_pic.a(memcmp-sse4.os)
 .data          0x0000000000001028        0x0 /workspaces/Portefolio/glibc-2.34/build/libc_pic.a(memcpy-ssse3.os)
 .data          0x0000000000001028        0x0 /workspaces/Portefolio/glibc-2.34/build/libc_pic.a(memmove-ssse3.os)
 .data          0x0000000000001028        0x0 /workspaces/Portefolio/glibc-2.34/build/libc_pic.a(memcpy-ssse3-back.os)
 .data          0x0000000000001028        0x0 /workspaces/Portefolio/glibc-2.34/build/libc_pic.a(memmove-ssse3-back.os)
 .data          0x0000000000001028        0x0 /workspaces/Portefolio/glibc-2.34/build/libc_pic.a(memmove-avx512-no-vzeroupper.os)
 .data          0x0000000000001028        0x0 /workspaces/Portefolio/glibc-2.34/build/libc_pic.a(strchr-sse2.os)
 .data          0x0000000000001028        0x0 /workspaces/Portefolio/glibc-2.34/build/libc_pic.a(strchr-avx2.os)
 .data          0x0000000000001028        0x0 /workspaces/Portefolio/glibc-2.34/build/libc_pic.a(strlen-sse2.os)
 .data          0x0000000000001028        0x0 /workspaces/Portefolio/glibc-2.34/build/libc_pic.a(strnlen-sse2.os)
 .data          0x0000000000001028        0x0 /workspaces/Portefolio/glibc-2.34/build/libc_pic.a(strlen-avx2.os)
 .data          0x0000000000001028        0x0 /workspaces/Portefolio/glibc-2.34/build/libc_pic.a(strnlen-avx2.os)
 .data          0x0000000000001028        0x0 /workspaces/Portefolio/glibc-2.34/build/libc_pic.a(stpcpy-sse2.os)
 .data          0x0000000000001028        0x0 /workspaces/Portefolio/glibc-2.34/build/libc_pic.a(stpcpy-ssse3.os)
 .data          0x0000000000001028        0x0 /workspaces/Portefolio/glibc-2.34/build/libc_pic.a(stpcpy-sse2-unaligned.os)
 .data          0x0000000000001028        0x0 /workspaces/Portefolio/glibc-2.34/build/libc_pic.a(stpcpy-avx2.os)
 .data          0x0000000000001028        0x0 /workspaces/Portefolio/glibc-2.34/build/libc_pic.a(strchr-sse2-no-bsf.os)
 .data          0x0000000000001028        0x0 /workspaces/Portefolio/glibc-2.34/build/libc_pic.a(memcmp-ssse3.os)
 .data          0x0000000000001028        0x0 /workspaces/Portefolio/glibc-2.34/build/libc_pic.a(strcspn-sse2.os)
 .data          0x0000000000001028        0x0 /workspaces/Portefolio/glibc-2.34/build/libc_pic.a(strcspn-c.os)
 .data          0x0000000000001028        0x0 /workspaces/Portefolio/glibc-2.34/build/libc_pic.a(varshift.os)
 .data          0x0000000000001028        0x0 /workspaces/Portefolio/glibc-2.34/build/libc_pic.a(memset-avx512-no-vzeroupper.os)
 .data          0x0000000000001028        0x0 /workspaces/Portefolio/glibc-2.34/build/libc_pic.a(memmove-sse2-unaligned-erms.os)
 .data          0x0000000000001028        0x0 /workspaces/Portefolio/glibc-2.34/build/libc_pic.a(memmove-avx-unaligned-erms.os)
 .data          0x0000000000001028        0x0 /workspaces/Portefolio/glibc-2.34/build/libc_pic.a(memmove-avx512-unaligned-erms.os)
 .data          0x0000000000001028        0x0 /workspaces/Portefolio/glibc-2.34/build/libc_pic.a(memset-sse2-unaligned-erms.os)
 .data          0x0000000000001028        0x0 /workspaces/Portefolio/glibc-2.34/build/libc_pic.a(memset-avx2-unaligned-erms.os)
 .data          0x0000000000001028        0x0 /workspaces/Portefolio/glibc-2.34/build/libc_pic.a(memset-avx512-unaligned-erms.os)
 .data          0x0000000000001028        0x0 /workspaces/Portefolio/glibc-2.34/build/libc_pic.a(memchr-avx2-rtm.os)
 .data          0x0000000000001028        0x0 /workspaces/Portefolio/glibc-2.34/build/libc_pic.a(memcmp-avx2-movbe-rtm.os)
 .data          0x0000000000001028        0x0 /workspaces/Portefolio/glibc-2.34/build/libc_pic.a(memmove-avx-unaligned-erms-rtm.os)
 .data          0x0000000000001028        0x0 /workspaces/Portefolio/glibc-2.34/build/libc_pic.a(memset-avx2-unaligned-erms-rtm.os)
 .data          0x0000000000001028        0x0 /workspaces/Portefolio/glibc-2.34/build/libc_pic.a(rawmemchr-avx2-rtm.os)
 .data          0x0000000000001028        0x0 /workspaces/Portefolio/glibc-2.34/build/libc_pic.a(strchr-avx2-rtm.os)
 .data          0x0000000000001028        0x0 /workspaces/Portefolio/glibc-2.34/build/libc_pic.a(strcmp-avx2-rtm.os)
 .data          0x0000000000001028        0x0 /workspaces/Portefolio/glibc-2.34/build/libc_pic.a(stpcpy-avx2-rtm.os)
 .data          0x0000000000001028        0x0 /workspaces/Portefolio/glibc-2.34/build/libc_pic.a(strlen-avx2-rtm.os)
 .data          0x0000000000001028        0x0 /workspaces/Portefolio/glibc-2.34/build/libc_pic.a(strncmp-avx2-rtm.os)
 .data          0x0000000000001028        0x0 /workspaces/Portefolio/glibc-2.34/build/libc_pic.a(strnlen-avx2-rtm.os)
 .data          0x0000000000001028        0x0 /workspaces/Portefolio/glibc-2.34/build/libc_pic.a(memchr-evex.os)
 .data          0x0000000000001028        0x0 /workspaces/Portefolio/glibc-2.34/build/libc_pic.a(memcmp-evex-movbe.os)
 .data          0x0000000000001028        0x0 /workspaces/Portefolio/glibc-2.34/build/libc_pic.a(memmove-evex-unaligned-erms.os)
 .data          0x0000000000001028        0x0 /workspaces/Portefolio/glibc-2.34/build/libc_pic.a(memset-evex-unaligned-erms.os)
 .data          0x0000000000001028        0x0 /workspaces/Portefolio/glibc-2.34/build/libc_pic.a(rawmemchr-evex.os)
 .data          0x0000000000001028        0x0 /workspaces/Portefolio/glibc-2.34/build/libc_pic.a(stpcpy-evex.os)
 .data          0x0000000000001028        0x0 /workspaces/Portefolio/glibc-2.34/build/libc_pic.a(strchr-evex.os)
 .data          0x0000000000001028        0x0 /workspaces/Portefolio/glibc-2.34/build/libc_pic.a(strcmp-evex.os)
 .data          0x0000000000001028        0x0 /workspaces/Portefolio/glibc-2.34/build/libc_pic.a(strlen-evex.os)
 .data          0x0000000000001028        0x0 /workspaces/Portefolio/glibc-2.34/build/libc_pic.a(strncmp-evex.os)
 .data          0x0000000000001028        0x0 /workspaces/Portefolio/glibc-2.34/build/libc_pic.a(strnlen-evex.os)
 .data          0x0000000000001028        0x0 /workspaces/Portefolio/glibc-2.34/build/libc_pic.a(memchr-evex-rtm.os)
 .data          0x0000000000001028        0x0 /workspaces/Portefolio/glibc-2.34/build/libc_pic.a(rawmemchr-evex-rtm.os)
 .data          0x0000000000001028       0x30 /workspaces/Portefolio/glibc-2.34/build/libc_pic.a(cacheinfo.os)
                0x0000000000001028                __x86_rep_stosb_threshold
                0x0000000000001030                __x86_rep_movsb_threshold
                0x0000000000001038                __x86_shared_cache_size
                0x0000000000001040                __x86_shared_cache_size_half
                0x0000000000001048                __x86_data_cache_size
                0x0000000000001050                __x86_data_cache_size_half
 .data          0x0000000000001058        0x0 /workspaces/Portefolio/glibc-2.34/build/libc_pic.a(closedir.os)
 .data          0x0000000000001058        0x0 /workspaces/Portefolio/glibc-2.34/build/libc_pic.a(rewinddir.os)
 .data          0x0000000000001058        0x0 /workspaces/Portefolio/glibc-2.34/build/libc_pic.a(readdir64.os)
 .data          0x0000000000001058        0x0 /workspaces/Portefolio/glibc-2.34/build/libc_pic.a(fdopendir.os)
 .data          0x0000000000001058        0x0 /workspaces/Portefolio/glibc-2.34/build/libc_pic.a(uname.os)
 .data          0x0000000000001058        0x0 /workspaces/Portefolio/glibc-2.34/build/libc_pic.a(_exit.os)
 .data          0x0000000000001058        0x0 /workspaces/Portefolio/glibc-2.34/build/libc_pic.a(getpid.os)
 .data          0x0000000000001058        0x0 /workspaces/Portefolio/glibc-2.34/build/libc_pic.a(environ.os)
 .data          0x0000000000001058        0x0 /workspaces/Portefolio/glibc-2.34/build/libc_pic.a(stat64.os)
 .data          0x0000000000001058        0x0 /workspaces/Portefolio/glibc-2.34/build/libc_pic.a(fstat64.os)
 .data          0x0000000000001058        0x0 /workspaces/Portefolio/glibc-2.34/build/libc_pic.a(lstat64.os)
 .data          0x0000000000001058        0x0 /workspaces/Portefolio/glibc-2.34/build/libc_pic.a(fstatat64.os)
 .data          0x0000000000001058        0x0 /workspaces/Portefolio/glibc-2.34/build/libc_pic.a(openat64.os)
 .data          0x0000000000001058        0x0 /workspaces/Portefolio/glibc-2.34/build/libc_pic.a(lseek64.os)
 .data          0x0000000000001058        0x0 /workspaces/Portefolio/glibc-2.34/build/libc_pic.a(access.os)
 .data          0x0000000000001058        0x0 /workspaces/Portefolio/glibc-2.34/build/libc_pic.a(close_nocancel.os)
 .data          0x0000000000001058        0x0 /workspaces/Portefolio/glibc-2.34/build/libc_pic.a(fcntl_nocancel.os)
 .data          0x0000000000001058        0x0 /workspaces/Portefolio/glibc-2.34/build/libc_pic.a(open64_nocancel.os)
 .data          0x0000000000001058        0x0 /workspaces/Portefolio/glibc-2.34/build/libc_pic.a(read_nocancel.os)
 .data          0x0000000000001058        0x0 /workspaces/Portefolio/glibc-2.34/build/libc_pic.a(pread64_nocancel.os)
 .data          0x0000000000001058        0x0 /workspaces/Portefolio/glibc-2.34/build/libc_pic.a(write_nocancel.os)
 .data          0x0000000000001058        0x0 /workspaces/Portefolio/glibc-2.34/build/libc_pic.a(mmap64.os)
 .data          0x0000000000001058        0x0 /workspaces/Portefolio/glibc-2.34/build/libc_pic.a(munmap.os)
 .data          0x0000000000001058        0x0 /workspaces/Portefolio/glibc-2.34/build/libc_pic.a(mprotect.os)
 .data          0x0000000000001058        0x0 /workspaces/Portefolio/glibc-2.34/build/libc_pic.a(profil.os)
 .data          0x0000000000001058        0x0 /workspaces/Portefolio/glibc-2.34/build/libc_pic.a(prof-freq.os)
 .data          0x0000000000001058        0x0 /workspaces/Portefolio/glibc-2.34/build/libc_pic.a(dl-addr-obj.os)
 .data          0x0000000000001058        0x0 /workspaces/Portefolio/glibc-2.34/build/libc_pic.a(sigaction.os)
 .data          0x0000000000001058        0x0 /workspaces/Portefolio/glibc-2.34/build/libc_pic.a(libc_sigaction.os)